Component: ARM Compiler 5.05 update 1 (build 106) Tool: armlink [4d0efa]

==============================================================================

Section Cross References

    main.o(i.PWM_DAC_Set) refers to fflt_clz.o(x$fpl$ffltu) for __aeabi_ui2f
    main.o(i.PWM_DAC_Set) refers to fdiv.o(x$fpl$fdiv) for __aeabi_fdiv
    main.o(i.PWM_DAC_Set) refers to fmul.o(x$fpl$fmul) for __aeabi_fmul
    main.o(i.PWM_DAC_Set) refers to f2d.o(x$fpl$f2d) for __aeabi_f2d
    main.o(i.PWM_DAC_Set) refers to ddiv.o(x$fpl$ddiv) for __aeabi_ddiv
    main.o(i.PWM_DAC_Set) refers to d2f.o(x$fpl$d2f) for __aeabi_d2f
    main.o(i.PWM_DAC_Set) refers to ffixu.o(x$fpl$ffixu) for __aeabi_f2uiz
    main.o(i.PWM_DAC_Set) refers to stm32f10x_tim.o(i.TIM_SetCompare1) for TIM_SetCompare1
    main.o(i.main) refers to delay.o(i.delay_init) for delay_init
    main.o(i.main) refers to misc.o(i.NVIC_PriorityGroupConfig) for NVIC_PriorityGroupConfig
    main.o(i.main) refers to usart.o(i.uart_init) for uart_init
    main.o(i.main) refers to key.o(i.KEY_Init) for KEY_Init
    main.o(i.main) refers to led.o(i.LED_Init) for LED_Init
    main.o(i.main) refers to lcd.o(i.LCD_Init) for LCD_Init
    main.o(i.main) refers to beep.o(i.BEEP_Init) for BEEP_Init
    main.o(i.main) refers to dma.o(i.MYDMA_Config) for MYDMA_Config
    main.o(i.main) refers to lcd.o(i.LCD_ShowString) for LCD_ShowString
    main.o(i.main) refers to key.o(i.KEY_Scan) for KEY_Scan
    main.o(i.main) refers to __2printf.o(.text) for __2printf
    main.o(i.main) refers to stm32f10x_usart.o(i.USART_DMACmd) for USART_DMACmd
    main.o(i.main) refers to dma.o(i.MYDMA_Enable) for MYDMA_Enable
    main.o(i.main) refers to stm32f10x_dma.o(i.DMA_GetFlagStatus) for DMA_GetFlagStatus
    main.o(i.main) refers to stm32f10x_dma.o(i.DMA_ClearFlag) for DMA_ClearFlag
    main.o(i.main) refers to stm32f10x_dma.o(i.DMA_GetCurrDataCounter) for DMA_GetCurrDataCounter
    main.o(i.main) refers to fflt_clz.o(x$fpl$ffltu) for __aeabi_ui2f
    main.o(i.main) refers to fdiv.o(x$fpl$fdiv) for __aeabi_fdiv
    main.o(i.main) refers to faddsub_clz.o(x$fpl$frsb) for __aeabi_frsub
    main.o(i.main) refers to fmul.o(x$fpl$fmul) for __aeabi_fmul
    main.o(i.main) refers to ffixu.o(x$fpl$ffixu) for __aeabi_f2uiz
    main.o(i.main) refers to lcd.o(i.LCD_ShowNum) for LCD_ShowNum
    main.o(i.main) refers to delay.o(i.delay_ms) for delay_ms
    main.o(i.main) refers to usmart_config.o(.data) for usmart_dev
    main.o(i.main) refers to main.o(.bss) for SendBuff
    main.o(i.main) refers to lcd.o(.data) for POINT_COLOR
    main.o(i.main) refers to main.o(.constdata) for TEXT_TO_SEND
    system_stm32f10x.o(i.SetSysClock) refers to system_stm32f10x.o(i.SetSysClockTo72) for SetSysClockTo72
    system_stm32f10x.o(i.SystemCoreClockUpdate) refers to system_stm32f10x.o(.data) for SystemCoreClock
    system_stm32f10x.o(i.SystemInit) refers to system_stm32f10x.o(i.SetSysClock) for SetSysClock
    startup_stm32f10x_hd.o(STACK) refers (Special) to heapauxi.o(.text) for __use_two_region_memory
    startup_stm32f10x_hd.o(HEAP) refers (Special) to heapauxi.o(.text) for __use_two_region_memory
    startup_stm32f10x_hd.o(RESET) refers (Special) to heapauxi.o(.text) for __use_two_region_memory
    startup_stm32f10x_hd.o(RESET) refers to startup_stm32f10x_hd.o(STACK) for __initial_sp
    startup_stm32f10x_hd.o(RESET) refers to startup_stm32f10x_hd.o(.text) for Reset_Handler
    startup_stm32f10x_hd.o(RESET) refers to stm32f10x_it.o(i.NMI_Handler) for NMI_Handler
    startup_stm32f10x_hd.o(RESET) refers to stm32f10x_it.o(i.HardFault_Handler) for HardFault_Handler
    startup_stm32f10x_hd.o(RESET) refers to stm32f10x_it.o(i.MemManage_Handler) for MemManage_Handler
    startup_stm32f10x_hd.o(RESET) refers to stm32f10x_it.o(i.BusFault_Handler) for BusFault_Handler
    startup_stm32f10x_hd.o(RESET) refers to stm32f10x_it.o(i.UsageFault_Handler) for UsageFault_Handler
    startup_stm32f10x_hd.o(RESET) refers to stm32f10x_it.o(i.SVC_Handler) for SVC_Handler
    startup_stm32f10x_hd.o(RESET) refers to stm32f10x_it.o(i.DebugMon_Handler) for DebugMon_Handler
    startup_stm32f10x_hd.o(RESET) refers to stm32f10x_it.o(i.PendSV_Handler) for PendSV_Handler
    startup_stm32f10x_hd.o(RESET) refers to stm32f10x_it.o(i.SysTick_Handler) for SysTick_Handler
    startup_stm32f10x_hd.o(RESET) refers to rtc.o(i.RTC_IRQHandler) for RTC_IRQHandler
    startup_stm32f10x_hd.o(RESET) refers to wkup.o(i.EXTI0_IRQHandler) for EXTI0_IRQHandler
    startup_stm32f10x_hd.o(RESET) refers to timer.o(i.TIM3_IRQHandler) for TIM3_IRQHandler
    startup_stm32f10x_hd.o(RESET) refers to usmart.o(i.TIM4_IRQHandler) for TIM4_IRQHandler
    startup_stm32f10x_hd.o(RESET) refers to usart.o(i.USART1_IRQHandler) for USART1_IRQHandler
    startup_stm32f10x_hd.o(RESET) refers to usart2.o(i.USART2_IRQHandler) for USART2_IRQHandler
    startup_stm32f10x_hd.o(RESET) refers to usart3.o(i.USART3_IRQHandler) for USART3_IRQHandler
[...]
    .text                                    0x080005c4   Section        0  _printf_intcommon.o(.text)
    .text                                    0x08000678   Section        0  _printf_char_common.o(.text)
    _printf_input_char                       0x08000679   Thumb Code    10  _printf_char_common.o(.text)
    .text                                    0x080006a8   Section        0  _printf_char.o(.text)
    .text                                    0x080006d4   Section        0  _printf_char_file.o(.text)
    .text                                    0x080006f8   Section        0  ferror.o(.text)
    .text                                    0x08000700   Section       74  sys_stackheap_outer.o(.text)
    .text                                    0x0800074a   Section        0  exit.o(.text)
    .text                                    0x08000758   Section        8  libspace.o(.text)
    i.BEEP_Init                              0x08000760   Section        0  beep.o(i.BEEP_Init)
    i.BusFault_Handler                       0x08000794   Section        0  stm32f10x_it.o(i.BusFault_Handler)
    i.Check_WKUP                             0x08000798   Section        0  wkup.o(i.Check_WKUP)
    i.DMA_ClearFlag                          0x080007d8   Section        0  stm32f10x_dma.o(i.DMA_ClearFlag)
    i.DMA_Cmd                                0x080007f4   Section        0  stm32f10x_dma.o(i.DMA_Cmd)
    i.DMA_DeInit                             0x0800080c   Section        0  stm32f10x_dma.o(i.DMA_DeInit)
    i.DMA_GetCurrDataCounter                 0x08000958   Section        0  stm32f10x_dma.o(i.DMA_GetCurrDataCounter)
    i.DMA_GetFlagStatus                      0x08000960   Section        0  stm32f10x_dma.o(i.DMA_GetFlagStatus)
    i.DMA_Init                               0x0800098c   Section        0  stm32f10x_dma.o(i.DMA_Init)
    i.DMA_SetCurrDataCounter                 0x080009c8   Section        0  stm32f10x_dma.o(i.DMA_SetCurrDataCounter)
    i.DebugMon_Handler                       0x080009cc   Section        0  stm32f10x_it.o(i.DebugMon_Handler)
    i.EXTI0_IRQHandler                       0x080009ce   Section        0  wkup.o(i.EXTI0_IRQHandler)
    i.EXTI_ClearITPendingBit                 0x080009e4   Section        0  stm32f10x_exti.o(i.EXTI_ClearITPendingBit)
    i.FSMC_NORSRAMCmd                        0x080009f0   Section        0  stm32f10x_fsmc.o(i.FSMC_NORSRAMCmd)
    i.FSMC_NORSRAMInit                       0x08000a24   Section        0  stm32f10x_fsmc.o(i.FSMC_NORSRAMInit)
    i.GPIO_Init                              0x08000b0a   Section        0  stm32f10x_gpio.o(i.GPIO_Init)
    i.GPIO_ReadInputDataBit                  0x08000c20   Section        0  stm32f10x_gpio.o(i.GPIO_ReadInputDataBit)
    i.GPIO_ResetBits                         0x08000c32   Section        0  stm32f10x_gpio.o(i.GPIO_ResetBits)
    i.GPIO_SetBits                           0x08000c36   Section        0  stm32f10x_gpio.o(i.GPIO_SetBits)
    i.HardFault_Handler                      0x08000c3a   Section        0  stm32f10x_it.o(i.HardFault_Handler)
    i.Is_Leap_Year                           0x08000c3e   Section        0  rtc.o(i.Is_Leap_Year)
    i.KEY_Init                               0x08000c78   Section        0  key.o(i.KEY_Init)
    i.KEY_Scan                               0x08000cb4   Section        0  key.o(i.KEY_Scan)
    i.LCD_Clear                              0x08000d7c   Section        0  lcd.o(i.LCD_Clear)
    i.LCD_Display_Dir                        0x08000de8   Section        0  lcd.o(i.LCD_Display_Dir)
    i.LCD_Fast_DrawPoint                     0x08000fa8   Section        0  lcd.o(i.LCD_Fast_DrawPoint)
    i.LCD_Init                               0x08001124   Section        0  lcd.o(i.LCD_Init)
    i.LCD_Pow                                0x08004898   Section        0  lcd.o(i.LCD_Pow)
    i.LCD_RD_DATA                            0x080048b0   Section        0  lcd.o(i.LCD_RD_DATA)
    i.LCD_ReadReg                            0x080048c4   Section        0  lcd.o(i.LCD_ReadReg)
    i.LCD_SSD_BackLightSet                   0x080048dc   Section        0  lcd.o(i.LCD_SSD_BackLightSet)
    i.LCD_Scan_Dir                           0x08004930   Section        0  lcd.o(i.LCD_Scan_Dir)
    i.LCD_SetCursor                          0x08004c1c   Section        0  lcd.o(i.LCD_SetCursor)
    i.LCD_ShowChar                           0x08004dc4   Section        0  lcd.o(i.LCD_ShowChar)
    i.LCD_ShowNum                            0x08004eec   Section        0  lcd.o(i.LCD_ShowNum)
    i.LCD_ShowString                         0x08004f80   Section        0  lcd.o(i.LCD_ShowString)
    i.LCD_WR_DATA                            0x08004fe8   Section        0  lcd.o(i.LCD_WR_DATA)
    i.LCD_WR_REG                             0x08004ff4   Section        0  lcd.o(i.LCD_WR_REG)
    i.LCD_WriteRAM_Prepare                   0x08005000   Section        0  lcd.o(i.LCD_WriteRAM_Prepare)
    i.LCD_WriteReg                           0x08005014   Section        0  lcd.o(i.LCD_WriteReg)
    i.LED1SET                                0x08005024   Section        0  main.o(i.LED1SET)
    i.LED_Init                               0x0800503c   Section        0  led.o(i.LED_Init)
    i.MYDMA_Config                           0x08005088   Section        0  dma.o(i.MYDMA_Config)
    i.MYDMA_Enable                           0x080050e4   Section        0  dma.o(i.MYDMA_Enable)
    i.MemManage_Handler                      0x08005108   Section        0  stm32f10x_it.o(i.MemManage_Handler)
    i.NMI_Handler                            0x0800510c   Section        0  stm32f10x_it.o(i.NMI_Handler)
    i.NVIC_Init                              0x08005110   Section        0  misc.o(i.NVIC_Init)
    i.NVIC_PriorityGroupConfig               0x08005180   Section        0  misc.o(i.NVIC_PriorityGroupConfig)
    i.PWM_DAC_Set                            0x08005194   Section        0  main.o(i.PWM_DAC_Set)
    i.PWR_BackupAccessCmd                    0x080051f0   Section        0  stm32f10x_pwr.o(i.PWR_BackupAccessCmd)
    i.PWR_EnterSTANDBYMode                   0x080051fc   Section        0  stm32f10x_pwr.o(i.PWR_EnterSTANDBYMode)
    i.PWR_WakeUpPinCmd                       0x08005230   Section        0  stm32f10x_pwr.o(i.PWR_WakeUpPinCmd)
    i.PendSV_Handler                         0x0800523c   Section        0  stm32f10x_it.o(i.PendSV_Handler)
    i.RCC_AHBPeriphClockCmd                  0x08005240   Section        0  stm32f10x_rcc.o(i.RCC_AHBPeriphClockCmd)
    i.RCC_APB1PeriphClockCmd                 0x08005260   Section        0  stm32f10x_rcc.o(i.RCC_APB1PeriphClockCmd)
    i.RCC_APB2PeriphClockCmd                 0x08005280   Section        0  stm32f10x_rcc.o(i.RCC_APB2PeriphClockCmd)
    i.RCC_APB2PeriphResetCmd                 0x080052a0   Section        0  stm32f10x_rcc.o(i.RCC_APB2PeriphResetCmd)
    i.RCC_GetClocksFreq                      0x080052c0   Section        0  stm32f10x_rcc.o(i.RCC_GetClocksFreq)
    i.RTC_ClearITPendingBit                  0x08005394   Section        0  stm32f10x_rtc.o(i.RTC_ClearITPendingBit)
    i.RTC_EnterConfigMode                    0x080053a4   Section        0  stm32f10x_rtc.o(i.RTC_EnterConfigMode)
    i.RTC_ExitConfigMode                     0x080053b8   Section        0  stm32f10x_rtc.o(i.RTC_ExitConfigMode)
    i.RTC_Get                                0x080053cc   Section        0  rtc.o(i.RTC_Get)
    i.RTC_GetCounter                         0x080054cc   Section        0  stm32f10x_rtc.o(i.RTC_GetCounter)
    i.RTC_GetITStatus                        0x080054e0   Section        0  stm32f10x_rtc.o(i.RTC_GetITStatus)
    i.RTC_Get_Week                           0x08005504   Section        0  rtc.o(i.RTC_Get_Week)
    i.RTC_IRQHandler                         0x0800557c   Section        0  rtc.o(i.RTC_IRQHandler)
    i.RTC_Set                                0x080055ec   Section        0  rtc.o(i.RTC_Set)
    i.RTC_SetCounter                         0x080056b4   Section        0  stm32f10x_rtc.o(i.RTC_SetCounter)
    i.RTC_WaitForLastTask                    0x080056d0   Section        0  stm32f10x_rtc.o(i.RTC_WaitForLastTask)
    i.SVC_Handler                            0x080056e4   Section        0  stm32f10x_it.o(i.SVC_Handler)
    i.SetSysClock                            0x080056e6   Section        0  system_stm32f10x.o(i.SetSysClock)
    SetSysClock                              0x080056e7   Thumb Code     8  system_stm32f10x.o(i.SetSysClock)
    i.SetSysClockTo72                        0x080056f0   Section        0  system_stm32f10x.o(i.SetSysClockTo72)
    SetSysClockTo72                          0x080056f1   Thumb Code   214  system_stm32f10x.o(i.SetSysClockTo72)
    i.SysTick_CLKSourceConfig                0x080057d0   Section        0  misc.o(i.SysTick_CLKSourceConfig)
    i.SysTick_Handler                        0x080057f8   Section        0  stm32f10x_it.o(i.SysTick_Handler)
    i.Sys_Enter_Standby                      0x080057fa   Section        0  wkup.o(i.Sys_Enter_Standby)
    i.Sys_Standby                            0x0800580c   Section        0  wkup.o(i.Sys_Standby)
    i.SystemInit                             0x08005824   Section        0  system_stm32f10x.o(i.SystemInit)
    i.TIM3_IRQHandler                        0x08005884   Section        0  timer.o(i.TIM3_IRQHandler)
    i.TIM4_IRQHandler                        0x080058b4   Section        0  usmart.o(i.TIM4_IRQHandler)
    i.TIM5_IRQHandler                        0x080058ec   Section        0  timer.o(i.TIM5_IRQHandler)
    i.TIM_ClearFlag                          0x080059ac   Section        0  stm32f10x_tim.o(i.TIM_ClearFlag)
    i.TIM_ClearITPendingBit                  0x080059b2   Section        0  stm32f10x_tim.o(i.TIM_ClearITPendingBit)
    i.TIM_Cmd                                0x080059b8   Section        0  stm32f10x_tim.o(i.TIM_Cmd)
    i.TIM_GetCapture1                        0x080059d0   Section        0  stm32f10x_tim.o(i.TIM_GetCapture1)
    i.TIM_GetCounter                         0x080059d6   Section        0  stm32f10x_tim.o(i.TIM_GetCounter)
    i.TIM_GetFlagStatus                      0x080059dc   Section        0  stm32f10x_tim.o(i.TIM_GetFlagStatus)
    i.TIM_GetITStatus                        0x080059ee   Section        0  stm32f10x_tim.o(i.TIM_GetITStatus)
    i.TIM_ITConfig                           0x08005a10   Section        0  stm32f10x_tim.o(i.TIM_ITConfig)
    i.TIM_OC1PolarityConfig                  0x08005a22   Section        0  stm32f10x_tim.o(i.TIM_OC1PolarityConfig)
    i.TIM_SetAutoreload                      0x08005a34   Section        0  stm32f10x_tim.o(i.TIM_SetAutoreload)
    i.TIM_SetCompare1                        0x08005a38   Section        0  stm32f10x_tim.o(i.TIM_SetCompare1)
    i.TIM_SetCounter                         0x08005a3c   Section        0  stm32f10x_tim.o(i.TIM_SetCounter)
    i.TIM_TimeBaseInit                       0x08005a40   Section        0  stm32f10x_tim.o(i.TIM_TimeBaseInit)
    i.Timer4_Init                            0x08005ae4   Section        0  usmart.o(i.Timer4_Init)
    i.USART1_IRQHandler                      0x08005b40   Section        0  usart.o(i.USART1_IRQHandler)
    i.USART2_IRQHandler                      0x08005bc8   Section        0  usart2.o(i.USART2_IRQHandler)
    i.USART3_IRQHandler                      0x08005c50   Section        0  usart3.o(i.USART3_IRQHandler)
    i.USART_Cmd                              0x08005cd4   Section        0  stm32f10x_usart.o(i.USART_Cmd)
    i.USART_DMACmd                           0x08005cec   Section        0  stm32f10x_usart.o(i.USART_DMACmd)
    i.USART_GetITStatus                      0x08005cfe   Section        0  stm32f10x_usart.o(i.USART_GetITStatus)
    i.USART_ITConfig                         0x08005d52   Section        0  stm32f10x_usart.o(i.USART_ITConfig)
    i.USART_Init                             0x08005d9c   Section        0  stm32f10x_usart.o(i.USART_Init)
    i.USART_ReceiveData                      0x08005e74   Section        0  stm32f10x_usart.o(i.USART_ReceiveData)
    i.UsageFault_Handler                     0x08005e7e   Section        0  stm32f10x_it.o(i.UsageFault_Handler)
    i._is_digit                              0x08005e82   Section        0  __printf_wp.o(i._is_digit)
    i._sys_exit                              0x08005e90   Section        0  usart.o(i._sys_exit)
    i.delay_init                             0x08005e98   Section        0  delay.o(i.delay_init)
    i.delay_ms                               0x08005edc   Section        0  delay.o(i.delay_ms)
    i.delay_us                               0x08005f28   Section        0  delay.o(i.delay_us)
    i.fputc                                  0x08005f74   Section        0  usart.o(i.fputc)
    i.main                                   0x08005f90   Section        0  main.o(i.main)
    i.read_addr                              0x08006224   Section        0  usmart.o(i.read_addr)
    i.uart_init                              0x0800622c   Section        0  usart.o(i.uart_init)
    i.usmart_cmd_rec                         0x080062cc   Section        0  usmart.o(i.usmart_cmd_rec)
    i.usmart_exe                             0x0800637c   Section        0  usmart.o(i.usmart_exe)
    i.usmart_get_aparm                       0x08006650   Section        0  usmart_str.o(i.usmart_get_aparm)
    i.usmart_get_cmdname                     0x08006718   Section        0  usmart_str.o(i.usmart_get_cmdname)
    i.usmart_get_fname                       0x08006750   Section        0  usmart_str.o(i.usmart_get_fname)
    i.usmart_get_fparam                      0x08006910   Section        0  usmart_str.o(i.usmart_get_fparam)
    i.usmart_get_parmpos                     0x08006a1c   Section        0  usmart_str.o(i.usmart_get_parmpos)
    i.usmart_get_runtime                     0x08006a3c   Section        0  usmart.o(i.usmart_get_runtime)
    i.usmart_init                            0x08006a80   Section        0  usmart.o(i.usmart_init)
    i.usmart_pow                             0x08006aa8   Section        0  usmart_str.o(i.usmart_pow)
    i.usmart_reset_runtime                   0x08006ac0   Section        0  usmart.o(i.usmart_reset_runtime)
    i.usmart_scan                            0x08006af0   Section        0  usmart.o(i.usmart_scan)
    i.usmart_search_nextc                    0x08006bac   Section        0  usmart_str.o(i.usmart_search_nextc)
    i.usmart_str2num                         0x08006bc2   Section        0  usmart_str.o(i.usmart_str2num)
    i.usmart_strcmp                          0x08006c8c   Section        0  usmart_str.o(i.usmart_strcmp)
    i.usmart_strcopy                         0x08006cae   Section        0  usmart_str.o(i.usmart_strcopy)
    i.usmart_strlen                          0x08006cc4   Section        0  usmart_str.o(i.usmart_strlen)
    i.usmart_sys_cmd_exe                     0x08006cdc   Section        0  usmart.o(i.usmart_sys_cmd_exe)
    i.write_addr                             0x080073c0   Section        0  usmart.o(i.write_addr)
    x$fpl$d2f                                0x080073c4   Section       98  d2f.o(x$fpl$d2f)
    x$fpl$ddiv                               0x08007428   Section      688  ddiv.o(x$fpl$ddiv)
    ddiv_entry                               0x0800742f   Thumb Code     0  ddiv.o(x$fpl$ddiv)
    x$fpl$dfixu                              0x080076d8   Section       90  dfixu.o(x$fpl$dfixu)
    x$fpl$dfltu                              0x08007732   Section       38  dflt_clz.o(x$fpl$dfltu)
    x$fpl$dmul                               0x08007758   Section      340  dmul.o(x$fpl$dmul)
    x$fpl$dnaninf                            0x080078ac   Section      156  dnaninf.o(x$fpl$dnaninf)
    x$fpl$dretinf                            0x08007948   Section       12  dretinf.o(x$fpl$dretinf)
    x$fpl$f2d                                0x08007954   Section       86  f2d.o(x$fpl$f2d)
    x$fpl$fadd                               0x080079ac   Section      196  faddsub_clz.o(x$fpl$fadd)
    _fadd1                                   0x080079bb   Thumb Code     0  faddsub_clz.o(x$fpl$fadd)
    x$fpl$fdiv                               0x08007a70   Section      388  fdiv.o(x$fpl$fdiv)
    _fdiv1                                   0x08007a71   Thumb Code     0  fdiv.o(x$fpl$fdiv)
    x$fpl$ffixu                              0x08007bf4   Section       62  ffixu.o(x$fpl$ffixu)
    x$fpl$ffltu                              0x08007c34   Section       38  fflt_clz.o(x$fpl$ffltu)
    x$fpl$fmul                               0x08007c5c   Section      258  fmul.o(x$fpl$fmul)
    x$fpl$fnaninf                            0x08007d5e   Section      140  fnaninf.o(x$fpl$fnaninf)
    x$fpl$fretinf                            0x08007dea   Section       10  fretinf.o(x$fpl$fretinf)
    x$fpl$frsb                               0x08007df4   Section       20  faddsub_clz.o(x$fpl$frsb)
    x$fpl$fsub                               0x08007e08   Section      234  faddsub_clz.o(x$fpl$fsub)
    _fsub1                                   0x08007e17   Thumb Code     0  faddsub_clz.o(x$fpl$fsub)
    .constdata                               0x08007ef2   Section       24  main.o(.constdata)
    x$fpl$usenofp                            0x08007ef2   Section        0  usenofp.o(x$fpl$usenofp)
    .constdata                               0x08007f0a   Section     6336  lcd.o(.constdata)
    .constdata                               0x080097ca   Section       24  rtc.o(.constdata)
    .constdata                               0x080097e2   Section       40  _printf_hex_int_ll_ptr.o(.constdata)
    uc_hextab                                0x080097e2   Data          20  _printf_hex_int_ll_ptr.o(.constdata)
    lc_hextab                                0x080097f6   Data          20  _printf_hex_int_ll_ptr.o(.constdata)
    .constdata                               0x0800980a   Section       17  __printf_flags_ss_wp.o(.constdata)
    maptable                                 0x0800980a   Data          17  __printf_flags_ss_wp.o(.constdata)
    .conststring                             0x0800981c   Section       40  usmart.o(.conststring)
    .conststring                             0x08009844   Section      215  usmart_config.o(.conststring)
    .data                                    0x20000000   Section       20  system_stm32f10x.o(.data)
    .data                                    0x20000014   Section       20  stm32f10x_rcc.o(.data)
    APBAHBPrescTable                         0x20000014   Data          16  stm32f10x_rcc.o(.data)
    ADCPrescTable                            0x20000024   Data           4  stm32f10x_rcc.o(.data)
    .data                                    0x20000028   Section        4  delay.o(.data)
    fac_us                                   0x20000028   Data           1  delay.o(.data)
    fac_ms                                   0x2000002a   Data           2  delay.o(.data)
    .data                                    0x2000002c   Section        6  usart.o(.data)
    .data                                    0x20000032   Section        1  key.o(.data)
    key_up                                   0x20000032   Data           1  key.o(.data)
    .data                                    0x20000034   Section        4  lcd.o(.data)
    .data                                    0x20000038   Section        2  rtc.o(.data)
    daycnt                                   0x20000038   Data           2  rtc.o(.data)
    .data                                    0x2000003a   Section        2  usart3.o(.data)
    .data                                    0x2000003c   Section        2  usart2.o(.data)
    .data                                    0x2000003e   Section        4  timer.o(.data)
    .data                                    0x20000042   Section        2  dma.o(.data)
    .data                                    0x20000044   Section       28  usmart.o(.data)
    .data                                    0x20000060   Section      300  usmart_config.o(.data)
    .bss                                     0x2000018c   Section     8200  main.o(.bss)
    .bss                                     0x20002194   Section      200  usart.o(.bss)
    .bss                                     0x2000225c   Section       14  lcd.o(.bss)
    .bss                                     0x2000226a   Section       10  rtc.o(.bss)
    .bss                                     0x20002274   Section     1640  usart3.o(.bss)
    .bss                                     0x200028dc   Section     1200  usart2.o(.bss)
    .bss                                     0x20002d8c   Section       44  dma.o(.bss)
    .bss                                     0x20002db8   Section       96  libspace.o(.bss)
    HEAP                                     0x20002e18   Section      512  startup_stm32f10x_hd.o(HEAP)
    Heap_Mem                                 0x20002e18   Data         512  startup_stm32f10x_hd.o(HEAP)
    STACK                                    0x20003018   Section     1024  startup_stm32f10x_hd.o(STACK)
    Stack_Mem                                0x20003018   Data        1024  startup_stm32f10x_hd.o(STACK)
    __initial_sp                             0x20003418   Data           0  startup_stm32f10x_hd.o(STACK)
    .ARM.__AT_0x68000000                     0x68000000   Section    983040  malloc.o(.ARM.__AT_0x68000000)
    .ARM.__AT_0x680F0000                     0x680f0000   Section    61440  malloc.o(.ARM.__AT_0x680F0000)

    Global Symbols

    Symbol Name                              Value     Ov Type        Size  Object(Section)

    BuildAttributes$$THM_ISAv4$P$D$K$B$S$PE$A:L22UL41UL21$X:L11$S22US41US21$IEEE1$IW$USESV6$~STKCKD$USESV7$~SHL$OTIME$ROPI$IEEEJ$EBA8$UX$STANDARDLIB$REQ8$PRES8$EABIv2 0x00000000   Number         0  anon$$obj.o ABSOLUTE
    __ARM_use_no_argv                        0x00000000   Number         0  main.o ABSOLUTE
    _printf_flags                            0x00000000   Number         0  printf_stubs.o ABSOLUTE
    _printf_return_value                     0x00000000   Number         0  printf_stubs.o ABSOLUTE
    _printf_sizespec                         0x00000000   Number         0  printf_stubs.o ABSOLUTE
    _printf_widthprec                        0x00000000   Number         0  printf_stubs.o ABSOLUTE
    __ARM_exceptions_init                     - Undefined Weak Reference
    __alloca_initialize                       - Undefined Weak Reference
    __arm_preinit_                            - Undefined Weak Reference
    __cpp_initialize__aeabi_                  - Undefined Weak Reference
    __cxa_finalize                            - Undefined Weak Reference
    __sigvec_lookup                           - Undefined Weak Reference
    _atexit_init                              - Undefined Weak Reference
    _call_atexit_fns                          - Undefined Weak Reference
    _clock_init                               - Undefined Weak Reference
    _fp_trap_init                             - Undefined Weak Reference
    _fp_trap_shutdown                         - Undefined Weak Reference
    _get_lc_collate                           - Undefined Weak Reference
    _get_lc_monetary                          - Undefined Weak Reference
    _get_lc_time                              - Undefined Weak Reference
    _getenv_init                              - Undefined Weak Reference
    _handle_redirection                       - Undefined Weak Reference
    _init_alloc                               - Undefined Weak Reference
    _init_user_alloc                          - Undefined Weak Reference
    _initio                                   - Undefined Weak Reference
    _mutex_acquire                            - Undefined Weak Reference
    _mutex_release                            - Undefined Weak Reference
    _printf_fp_hex                            - Undefined Weak Reference
    _printf_mbtowc                            - Undefined Weak Reference
    _printf_wc                                - Undefined Weak Reference
    _rand_init                                - Undefined Weak Reference
    _signal_finish                            - Undefined Weak Reference
    _signal_init                              - Undefined Weak Reference
    _terminate_alloc                          - Undefined Weak Reference
    _terminate_user_alloc                     - Undefined Weak Reference
    _terminateio                              - Undefined Weak Reference
    __Vectors_Size                           0x00000130   Number         0  startup_stm32f10x_hd.o ABSOLUTE
    __Vectors                                0x08000000   Data           4  startup_stm32f10x_hd.o(RESET)
    __Vectors_End                            0x08000130   Data           0  startup_stm32f10x_hd.o(RESET)
    __main                                   0x08000131   Thumb Code     8  __main.o(!!!main)
    __scatterload                            0x08000139   Thumb Code     0  __scatter.o(!!!scatter)
    __scatterload_rt2                        0x08000139   Thumb Code    44  __scatter.o(!!!scatter)
    __scatterload_rt2_thumb_only             0x08000139   Thumb Code     0  __scatter.o(!!!scatter)
    __scatterload_null                       0x08000147   Thumb Code     0  __scatter.o(!!!scatter)
    __decompress                             0x0800016d   Thumb Code    90  __dczerorl2.o(!!dczerorl2)
    __decompress1                            0x0800016d   Thumb Code     0  __dczerorl2.o(!!dczerorl2)
    __scatterload_zeroinit                   0x080001c9   Thumb Code    28  __scatter_zi.o(!!handler_zi)
    _printf_d                                0x080001e5   Thumb Code     0  _printf_d.o(.ARM.Collect$$_printf_percent$$00000009)
    _printf_percent                          0x080001e5   Thumb Code     0  _printf_percent.o(.ARM.Collect$$_printf_percent$$00000000)
    _printf_u                                0x080001eb   Thumb Code     0  _printf_u.o(.ARM.Collect$$_printf_percent$$0000000A)
    _printf_x                                0x080001f1   Thumb Code     0  _printf_x.o(.ARM.Collect$$_printf_percent$$0000000C)
    _printf_c                                0x080001f7   Thumb Code     0  _printf_c.o(.ARM.Collect$$_printf_percent$$00000013)
    _printf_s                                0x080001fd   Thumb Code     0  _printf_s.o(.ARM.Collect$$_printf_percent$$00000014)
    _printf_percent_end                      0x08000203   Thumb Code     0  _printf_percent_end.o(.ARM.Collect$$_printf_percent$$00000017)
    __rt_lib_init                            0x08000207   Thumb Code     0  libinit.o(.ARM.Collect$$libinit$$00000000)
    __rt_lib_init_alloca_1                   0x08000209   Thumb Code     0  libinit2.o(.ARM.Collect$$libinit$$0000002E)
    __rt_lib_init_argv_1                     0x08000209   Thumb Code     0  libinit2.o(.ARM.Collect$$libinit$$0000002C)
    __rt_lib_init_atexit_1                   0x08000209   Thumb Code     0  libinit2.o(.ARM.Collect$$libinit$$0000001B)
    __rt_lib_init_clock_1                    0x08000209   Thumb Code     0  libinit2.o(.ARM.Collect$$libinit$$00000021)
    __rt_lib_init_cpp_1                      0x08000209   Thumb Code     0  libinit2.o(.ARM.Collect$$libinit$$00000032)
    __rt_lib_init_exceptions_1               0x08000209   Thumb Code     0  libinit2.o(.ARM.Collect$$libinit$$00000030)
    __rt_lib_init_fp_1                       0x08000209   Thumb Code     0  libinit2.o(.ARM.Collect$$libinit$$00000002)
    __rt_lib_init_fp_trap_1                  0x08000209   Thumb Code     0  libinit2.o(.ARM.Collect$$libinit$$0000001F)
    __rt_lib_init_getenv_1                   0x08000209   Thumb Code     0  libinit2.o(.ARM.Collect$$libinit$$00000023)
    __rt_lib_init_heap_1                     0x08000209   Thumb Code     0  libinit2.o(.ARM.Collect$$libinit$$0000000A)
    __rt_lib_init_lc_collate_1               0x08000209   Thumb Code     0  libinit2.o(.ARM.Collect$$libinit$$00000011)
    __rt_lib_init_lc_ctype_1                 0x08000209   Thumb Code     0  libinit2.o(.ARM.Collect$$libinit$$00000013)
    __rt_lib_init_lc_monetary_1              0x08000209   Thumb Code     0  libinit2.o(.ARM.Collect$$libinit$$00000015)
    __rt_lib_init_lc_numeric_1               0x08000209   Thumb Code     0  libinit2.o(.ARM.Collect$$libinit$$00000017)
    __rt_lib_init_lc_time_1                  0x08000209   Thumb Code     0  libinit2.o(.ARM.Collect$$libinit$$00000019)
    __rt_lib_init_preinit_1                  0x08000209   Thumb Code     0  libinit2.o(.ARM.Collect$$libinit$$00000004)
    __rt_lib_init_rand_1                     0x08000209   Thumb Code     0  libinit2.o(.ARM.Collect$$libinit$$0000000E)
    __rt_lib_init_return                     0x08000209   Thumb Code     0  libinit2.o(.ARM.Collect$$libinit$$00000033)
    __rt_lib_init_signal_1                   0x08000209   Thumb Code     0  libinit2.o(.ARM.Collect$$libinit$$0000001D)
    __rt_lib_init_stdio_1                    0x08000209   Thumb Code     0  libinit2.o(.ARM.Collect$$libinit$$00000025)
    __rt_lib_init_user_alloc_1               0x08000209   Thumb Code     0  libinit2.o(.ARM.Collect$$libinit$$0000000C)
    __rt_lib_shutdown                        0x0800020b   Thumb Code     0  libshutdown.o(.ARM.Collect$$libshutdown$$00000000)
    __rt_lib_shutdown_fp_trap_1              0x0800020d   Thumb Code     0  libshutdown2.o(.ARM.Collect$$libshutdown$$00000006)
    __rt_lib_shutdown_heap_1                 0x0800020d   Thumb Code     0  libshutdown2.o(.ARM.Collect$$libshutdown$$0000000E)
    __rt_lib_shutdown_return                 0x0800020d   Thumb Code     0  libshutdown2.o(.ARM.Collect$$libshutdown$$0000000F)
    __rt_lib_shutdown_signal_1               0x0800020d   Thumb Code     0  libshutdown2.o(.ARM.Collect$$libshutdown$$00000009)
    __rt_lib_shutdown_stdio_1                0x0800020d   Thumb Code     0  libshutdown2.o(.ARM.Collect$$libshutdown$$00000003)
    __rt_lib_shutdown_user_alloc_1           0x0800020d   Thumb Code     0  libshutdown2.o(.ARM.Collect$$libshutdown$$0000000B)
    __rt_entry                               0x0800020f   Thumb Code     0  __rtentry.o(.ARM.Collect$$rtentry$$00000000)
    __rt_entry_presh_1                       0x0800020f   Thumb Code     0  __rtentry2.o(.ARM.Collect$$rtentry$$00000002)
    __rt_entry_sh                            0x0800020f   Thumb Code     0  __rtentry4.o(.ARM.Collect$$rtentry$$00000004)
    __rt_entry_li                            0x08000215   Thumb Code     0  __rtentry2.o(.ARM.Collect$$rtentry$$0000000A)
    __rt_entry_postsh_1                      0x08000215   Thumb Code     0  __rtentry2.o(.ARM.Collect$$rtentry$$00000009)
    __rt_entry_main                          0x08000219   Thumb Code     0  __rtentry2.o(.ARM.Collect$$rtentry$$0000000D)
    __rt_entry_postli_1                      0x08000219   Thumb Code     0  __rtentry2.o(.ARM.Collect$$rtentry$$0000000C)
    __rt_exit                                0x08000221   Thumb Code     0  rtexit.o(.ARM.Collect$$rtexit$$00000000)
    __rt_exit_ls                             0x08000223   Thumb Code     0  rtexit2.o(.ARM.Collect$$rtexit$$00000003)
    __rt_exit_prels_1                        0x08000223   Thumb Code     0  rtexit2.o(.ARM.Collect$$rtexit$$00000002)
    __rt_exit_exit                           0x08000227   Thumb Code     0  rtexit2.o(.ARM.Collect$$rtexit$$00000004)
    Reset_Handler                            0x0800022d   Thumb Code     8  startup_stm32f10x_hd.o(.text)
    ADC1_2_IRQHandler                        0x08000247   Thumb Code     0  startup_stm32f10x_hd.o(.text)
    ADC3_IRQHandler                          0x08000247   Thumb Code     0  startup_stm32f10x_hd.o(.text)
    CAN1_RX1_IRQHandler                      0x08000247   Thumb Code     0  startup_stm32f10x_hd.o(.text)
    CAN1_SCE_IRQHandler                      0x08000247   Thumb Code     0  startup_stm32f10x_hd.o(.text)
    DMA1_Channel1_IRQHandler                 0x08000247   Thumb Code     0  startup_stm32f10x_hd.o(.text)
    DMA1_Channel2_IRQHandler                 0x08000247   Thumb Code     0  startup_stm32f10x_hd.o(.text)
    DMA1_Channel3_IRQHandler                 0x08000247   Thumb Code     0  startup_stm32f10x_hd.o(.text)
    DMA1_Channel4_IRQHandler                 0x08000247   Thumb Code     0  startup_stm32f10x_hd.o(.text)
    DMA1_Channel5_IRQHandler                 0x08000247   Thumb Code     0  startup_stm32f10x_hd.o(.text)
    DMA1_Channel6_IRQHandler                 0x08000247   Thumb Code     0  startup_stm32f10x_hd.o(.text)
    DMA1_Channel7_IRQHandler                 0x08000247   Thumb Code     0  startup_stm32f10x_hd.o(.text)
    DMA2_Channel1_IRQHandler                 0x08000247   Thumb Code     0  startup_stm32f10x_hd.o(.text)
    DMA2_Channel2_IRQHandler                 0x08000247   Thumb Code     0  startup_stm32f10x_hd.o(.text)
    DMA2_Channel3_IRQHandler                 0x08000247   Thumb Code     0  startup_stm32f10x_hd.o(.text)
    DMA2_Channel4_5_IRQHandler               0x08000247   Thumb Code     0  startup_stm32f10x_hd.o(.text)
    EXTI15_10_IRQHandler                     0x08000247   Thumb Code     0  startup_stm32f10x_hd.o(.text)
    EXTI1_IRQHandler                         0x08000247   Thumb Code     0  startup_stm32f10x_hd.o(.text)
    EXTI2_IRQHandler                         0x08000247   Thumb Code     0  startup_stm32f10x_hd.o(.text)
    EXTI3_IRQHandler                         0x08000247   Thumb Code     0  startup_stm32f10x_hd.o(.text)
    EXTI4_IRQHandler                         0x08000247   Thumb Code     0  startup_stm32f10x_hd.o(.text)
    EXTI9_5_IRQHandler                       0x08000247   Thumb Code     0  startup_stm32f10x_hd.o(.text)
    FLASH_IRQHandler                         0x08000247   Thumb Code     0  startup_stm32f10x_hd.o(.text)
    FSMC_IRQHandler                          0x08000247   Thumb Code     0  startup_stm32f10x_hd.o(.text)
    I2C1_ER_IRQHandler                       0x08000247   Thumb Code     0  startup_stm32f10x_hd.o(.text)
    I2C1_EV_IRQHandler                       0x08000247   Thumb Code     0  startup_stm32f10x_hd.o(.text)
    I2C2_ER_IRQHandler                       0x08000247   Thumb Code     0  startup_stm32f10x_hd.o(.text)
    I2C2_EV_IRQHandler                       0x08000247   Thumb Code     0  startup_stm32f10x_hd.o(.text)
    PVD_IRQHandler                           0x08000247   Thumb Code     0  startup_stm32f10x_hd.o(.text)
    RCC_IRQHandler                           0x08000247   Thumb Code     0  startup_stm32f10x_hd.o(.text)
    RTCAlarm_IRQHandler                      0x08000247   Thumb Code     0  startup_stm32f10x_hd.o(.text)
    SDIO_IRQHandler                          0x08000247   Thumb Code     0  startup_stm32f10x_hd.o(.text)
    SPI1_IRQHandler                          0x08000247   Thumb Code     0  startup_stm32f10x_hd.o(.text)
    SPI2_IRQHandler                          0x08000247   Thumb Code     0  startup_stm32f10x_hd.o(.text)
    SPI3_IRQHandler                          0x08000247   Thumb Code     0  startup_stm32f10x_hd.o(.text)
    TAMPER_IRQHandler                        0x08000247   Thumb Code     0  startup_stm32f10x_hd.o(.text)
    TIM1_BRK_IRQHandler                      0x08000247   Thumb Code     0  startup_stm32f10x_hd.o(.text)
    TIM1_CC_IRQHandler                       0x08000247   Thumb Code     0  startup_stm32f10x_hd.o(.text)
    TIM1_TRG_COM_IRQHandler                  0x08000247   Thumb Code     0  startup_stm32f10x_hd.o(.text)
    TIM1_UP_IRQHandler                       0x08000247   Thumb Code     0  startup_stm32f10x_hd.o(.text)
    TIM2_IRQHandler                          0x08000247   Thumb Code     0  startup_stm32f10x_hd.o(.text)
    TIM6_IRQHandler                          0x08000247   Thumb Code     0  startup_stm32f10x_hd.o(.text)
    TIM7_IRQHandler                          0x08000247   Thumb Code     0  startup_stm32f10x_hd.o(.text)
    TIM8_BRK_IRQHandler                      0x08000247   Thumb Code     0  startup_stm32f10x_hd.o(.text)
    TIM8_CC_IRQHandler                       0x08000247   Thumb Code     0  startup_stm32f10x_hd.o(.text)
    TIM8_TRG_COM_IRQHandler                  0x08000247   Thumb Code     0  startup_stm32f10x_hd.o(.text)
    TIM8_UP_IRQHandler                       0x08000247   Thumb Code     0  startup_stm32f10x_hd.o(.text)
    UART4_IRQHandler                         0x08000247   Thumb Code     0  startup_stm32f10x_hd.o(.text)
    UART5_IRQHandler                         0x08000247   Thumb Code     0  startup_stm32f10x_hd.o(.text)
    USBWakeUp_IRQHandler                     0x08000247   Thumb Code     0  startup_stm32f10x_hd.o(.text)
    USB_HP_CAN1_TX_IRQHandler                0x08000247   Thumb Code     0  startup_stm32f10x_hd.o(.text)
    USB_LP_CAN1_RX0_IRQHandler               0x08000247   Thumb Code     0  startup_stm32f10x_hd.o(.text)
    WWDG_IRQHandler                          0x08000247   Thumb Code     0  startup_stm32f10x_hd.o(.text)
    __user_initial_stackheap                 0x08000249   Thumb Code     0  startup_stm32f10x_hd.o(.text)
    __use_no_semihosting                     0x0800026d   Thumb Code     2  use_no_semi_2.o(.text)
    __2printf                                0x08000271   Thumb Code    20  __2printf.o(.text)
    _printf_pre_padding                      0x08000289   Thumb Code    44  _printf_pad.o(.text)
    _printf_post_padding                     0x080002b5   Thumb Code    34  _printf_pad.o(.text)
    _printf_str                              0x080002d7   Thumb Code    82  _printf_str.o(.text)
    _printf_int_dec                          0x08000329   Thumb Code   104  _printf_dec.o(.text)
    _printf_longlong_hex                     0x080003a1   Thumb Code    86  _printf_hex_int_ll_ptr.o(.text)
    _printf_int_hex                          0x080003f7   Thumb Code    28  _printf_hex_int_ll_ptr.o(.text)
    _printf_ll_hex                           0x08000413   Thumb Code    12  _printf_hex_int_ll_ptr.o(.text)
    _printf_hex_ptr                          0x0800041f   Thumb Code    18  _printf_hex_int_ll_ptr.o(.text)
    __printf                                 0x08000435   Thumb Code   388  __printf_flags_ss_wp.o(.text)
    __use_two_region_memory                  0x080005bd   Thumb Code     2  heapauxi.o(.text)
    __rt_heap_escrow$2region                 0x080005bf   Thumb Code     2  heapauxi.o(.text)
    __rt_heap_expand$2region                 0x080005c1   Thumb Code     2  heapauxi.o(.text)
    __I$use$semihosting                      0x080005c3   Thumb Code     0  use_no_semi.o(.text)
    __use_no_semihosting_swi                 0x080005c3   Thumb Code     2  use_no_semi.o(.text)
    _printf_int_common                       0x080005c5   Thumb Code   178  _printf_intcommon.o(.text)
    _printf_char_common                      0x08000683   Thumb Code    32  _printf_char_common.o(.text)
    _printf_cs_common                        0x080006a9   Thumb Code    20  _printf_char.o(.text)
    _printf_char                             0x080006bd   Thumb Code    16  _printf_char.o(.text)
    _printf_string                           0x080006cd   Thumb Code     8  _printf_char.o(.text)
    _printf_char_file                        0x080006d5   Thumb Code    32  _printf_char_file.o(.text)
    ferror                                   0x080006f9   Thumb Code     8  ferror.o(.text)
    __user_setup_stackheap                   0x08000701   Thumb Code    74  sys_stackheap_outer.o(.text)
    exit                                     0x0800074b   Thumb Code    12  exit.o(.text)
    __user_libspace                          0x08000759   Thumb Code     8  libspace.o(.text)
    __user_perproc_libspace                  0x08000759   Thumb Code     0  libspace.o(.text)
    __user_perthread_libspace                0x08000759   Thumb Code     0  libspace.o(.text)
    BEEP_Init                                0x08000761   Thumb Code    48  beep.o(i.BEEP_Init)
    BusFault_Handler                         0x08000795   Thumb Code     4  stm32f10x_it.o(i.BusFault_Handler)
    Check_WKUP                               0x08000799   Thumb Code    54  wkup.o(i.Check_WKUP)
    DMA_ClearFlag                            0x080007d9   Thumb Code    18  stm32f10x_dma.o(i.DMA_ClearFlag)
    DMA_Cmd                                  0x080007f5   Thumb Code    24  stm32f10x_dma.o(i.DMA_Cmd)
    DMA_DeInit                               0x0800080d   Thumb Code   324  stm32f10x_dma.o(i.DMA_DeInit)
    DMA_GetCurrDataCounter                   0x08000959   Thumb Code     8  stm32f10x_dma.o(i.DMA_GetCurrDataCounter)
    DMA_GetFlagStatus                        0x08000961   Thumb Code    36  stm32f10x_dma.o(i.DMA_GetFlagStatus)
    DMA_Init                                 0x0800098d   Thumb Code    60  stm32f10x_dma.o(i.DMA_Init)
    DMA_SetCurrDataCounter                   0x080009c9   Thumb Code     4  stm32f10x_dma.o(i.DMA_SetCurrDataCounter)
    DebugMon_Handler                         0x080009cd   Thumb Code     2  stm32f10x_it.o(i.DebugMon_Handler)
    EXTI0_IRQHandler                         0x080009cf   Thumb Code    20  wkup.o(i.EXTI0_IRQHandler)
    EXTI_ClearITPendingBit                   0x080009e5   Thumb Code     6  stm32f10x_exti.o(i.EXTI_ClearITPendingBit)
    FSMC_NORSRAMCmd                          0x080009f1   Thumb Code    46  stm32f10x_fsmc.o(i.FSMC_NORSRAMCmd)
    FSMC_NORSRAMInit                         0x08000a25   Thumb Code   230  stm32f10x_fsmc.o(i.FSMC_NORSRAMInit)
    GPIO_Init                                0x08000b0b   Thumb Code   278  stm32f10x_gpio.o(i.GPIO_Init)
    GPIO_ReadInputDataBit                    0x08000c21   Thumb Code    18  stm32f10x_gpio.o(i.GPIO_ReadInputDataBit)
    GPIO_ResetBits                           0x08000c33   Thumb Code     4  stm32f10x_gpio.o(i.GPIO_ResetBits)
    GPIO_SetBits                             0x08000c37   Thumb Code     4  stm32f10x_gpio.o(i.GPIO_SetBits)
    HardFault_Handler                        0x08000c3b   Thumb Code     4  stm32f10x_it.o(i.HardFault_Handler)
    Is_Leap_Year                             0x08000c3f   Thumb Code    58  rtc.o(i.Is_Leap_Year)
    KEY_Init                                 0x08000c79   Thumb Code    52  key.o(i.KEY_Init)
    KEY_Scan                                 0x08000cb5   Thumb Code   188  key.o(i.KEY_Scan)
    LCD_Clear                                0x08000d7d   Thumb Code   100  lcd.o(i.LCD_Clear)
    LCD_Display_Dir                          0x08000de9   Thumb Code   444  lcd.o(i.LCD_Display_Dir)
    LCD_Fast_DrawPoint                       0x08000fa9   Thumb Code   370  lcd.o(i.LCD_Fast_DrawPoint)
    LCD_Init                                 0x08001125   Thumb Code 14186  lcd.o(i.LCD_Init)
    LCD_Pow                                  0x08004899   Thumb Code    22  lcd.o(i.LCD_Pow)
    LCD_RD_DATA                              0x080048b1   Thumb Code    14  lcd.o(i.LCD_RD_DATA)
    LCD_ReadReg                              0x080048c5   Thumb Code    22  lcd.o(i.LCD_ReadReg)
    LCD_SSD_BackLightSet                     0x080048dd   Thumb Code    80  lcd.o(i.LCD_SSD_BackLightSet)
    LCD_Scan_Dir                             0x08004931   Thumb Code   744  lcd.o(i.LCD_Scan_Dir)
    LCD_SetCursor                            0x08004c1d   Thumb Code   418  lcd.o(i.LCD_SetCursor)
    LCD_ShowChar                             0x08004dc5   Thumb Code   272  lcd.o(i.LCD_ShowChar)
    LCD_ShowNum                              0x08004eed   Thumb Code   148  lcd.o(i.LCD_ShowNum)
    LCD_ShowString                           0x08004f81   Thumb Code   102  lcd.o(i.LCD_ShowString)
    LCD_WR_DATA                              0x08004fe9   Thumb Code     6  lcd.o(i.LCD_WR_DATA)
    LCD_WR_REG                               0x08004ff5   Thumb Code     6  lcd.o(i.LCD_WR_REG)
    LCD_WriteRAM_Prepare                     0x08005001   Thumb Code    10  lcd.o(i.LCD_WriteRAM_Prepare)
    LCD_WriteReg                             0x08005015   Thumb Code    10  lcd.o(i.LCD_WriteReg)
    LED1SET                                  0x08005025   Thumb Code    18  main.o(i.LED1SET)
    LED_Init                                 0x0800503d   Thumb Code    68  led.o(i.LED_Init)
    MYDMA_Config                             0x08005089   Thumb Code    82  dma.o(i.MYDMA_Config)
    MYDMA_Enable                             0x080050e5   Thumb Code    32  dma.o(i.MYDMA_Enable)
    MemManage_Handler                        0x08005109   Thumb Code     4  stm32f10x_it.o(i.MemManage_Handler)
    NMI_Handler                              0x0800510d   Thumb Code     2  stm32f10x_it.o(i.NMI_Handler)
    NVIC_Init                                0x08005111   Thumb Code   100  misc.o(i.NVIC_Init)
    NVIC_PriorityGroupConfig                 0x08005181   Thumb Code    10  misc.o(i.NVIC_PriorityGroupConfig)
    PWM_DAC_Set                              0x08005195   Thumb Code    80  main.o(i.PWM_DAC_Set)
    PWR_BackupAccessCmd                      0x080051f1   Thumb Code     6  stm32f10x_pwr.o(i.PWR_BackupAccessCmd)
    PWR_EnterSTANDBYMode                     0x080051fd   Thumb Code    42  stm32f10x_pwr.o(i.PWR_EnterSTANDBYMode)
    PWR_WakeUpPinCmd                         0x08005231   Thumb Code     6  stm32f10x_pwr.o(i.PWR_WakeUpPinCmd)
    PendSV_Handler                           0x0800523d   Thumb Code     2  stm32f10x_it.o(i.PendSV_Handler)
    RCC_AHBPeriphClockCmd                    0x08005241   Thumb Code    26  stm32f10x_rcc.o(i.RCC_AHBPeriphClockCmd)
    RCC_APB1PeriphClockCmd                   0x08005261   Thumb Code    26  stm32f10x_rcc.o(i.RCC_APB1PeriphClockCmd)
    RCC_APB2PeriphClockCmd                   0x08005281   Thumb Code    26  stm32f10x_rcc.o(i.RCC_APB2PeriphClockCmd)
    RCC_APB2PeriphResetCmd                   0x080052a1   Thumb Code    26  stm32f10x_rcc.o(i.RCC_APB2PeriphResetCmd)
    RCC_GetClocksFreq                        0x080052c1   Thumb Code   192  stm32f10x_rcc.o(i.RCC_GetClocksFreq)
    RTC_ClearITPendingBit                    0x08005395   Thumb Code    12  stm32f10x_rtc.o(i.RTC_ClearITPendingBit)
    RTC_EnterConfigMode                      0x080053a5   Thumb Code    14  stm32f10x_rtc.o(i.RTC_EnterConfigMode)
    RTC_ExitConfigMode                       0x080053b9   Thumb Code    16  stm32f10x_rtc.o(i.RTC_ExitConfigMode)
    RTC_Get                                  0x080053cd   Thumb Code   240  rtc.o(i.RTC_Get)
    RTC_GetCounter                           0x080054cd   Thumb Code    16  stm32f10x_rtc.o(i.RTC_GetCounter)
    RTC_GetITStatus                          0x080054e1   Thumb Code    32  stm32f10x_rtc.o(i.RTC_GetITStatus)
    RTC_Get_Week                             0x08005505   Thumb Code   116  rtc.o(i.RTC_Get_Week)
    RTC_IRQHandler                           0x0800557d   Thumb Code    76  rtc.o(i.RTC_IRQHandler)
    RTC_Set                                  0x080055ed   Thumb Code   184  rtc.o(i.RTC_Set)
    RTC_SetCounter                           0x080056b5   Thumb Code    24  stm32f10x_rtc.o(i.RTC_SetCounter)
    RTC_WaitForLastTask                      0x080056d1   Thumb Code    16  stm32f10x_rtc.o(i.RTC_WaitForLastTask)
    SVC_Handler                              0x080056e5   Thumb Code     2  stm32f10x_it.o(i.SVC_Handler)
    SysTick_CLKSourceConfig                  0x080057d1   Thumb Code    40  misc.o(i.SysTick_CLKSourceConfig)
    SysTick_Handler                          0x080057f9   Thumb Code     2  stm32f10x_it.o(i.SysTick_Handler)
    Sys_Enter_Standby                        0x080057fb   Thumb Code    18  wkup.o(i.Sys_Enter_Standby)
    Sys_Standby                              0x0800580d   Thumb Code    22  wkup.o(i.Sys_Standby)
    SystemInit                               0x08005825   Thumb Code    78  system_stm32f10x.o(i.SystemInit)
    TIM3_IRQHandler                          0x08005885   Thumb Code    38  timer.o(i.TIM3_IRQHandler)
    TIM4_IRQHandler                          0x080058b5   Thumb Code    46  usmart.o(i.TIM4_IRQHandler)
    TIM5_IRQHandler                          0x080058ed   Thumb Code   178  timer.o(i.TIM5_IRQHandler)
    TIM_ClearFlag                            0x080059ad   Thumb Code     6  stm32f10x_tim.o(i.TIM_ClearFlag)
    TIM_ClearITPendingBit                    0x080059b3   Thumb Code     6  stm32f10x_tim.o(i.TIM_ClearITPendingBit)
    TIM_Cmd                                  0x080059b9   Thumb Code    24  stm32f10x_tim.o(i.TIM_Cmd)
    TIM_GetCapture1                          0x080059d1   Thumb Code     6  stm32f10x_tim.o(i.TIM_GetCapture1)
    TIM_GetCounter                           0x080059d7   Thumb Code     6  stm32f10x_tim.o(i.TIM_GetCounter)
    TIM_GetFlagStatus                        0x080059dd   Thumb Code    18  stm32f10x_tim.o(i.TIM_GetFlagStatus)
    TIM_GetITStatus                          0x080059ef   Thumb Code    34  stm32f10x_tim.o(i.TIM_GetITStatus)
    TIM_ITConfig                             0x08005a11   Thumb Code    18  stm32f10x_tim.o(i.TIM_ITConfig)
    TIM_OC1PolarityConfig                    0x08005a23   Thumb Code    18  stm32f10x_tim.o(i.TIM_OC1PolarityConfig)
    TIM_SetAutoreload                        0x08005a35   Thumb Code     4  stm32f10x_tim.o(i.TIM_SetAutoreload)
    TIM_SetCompare1                          0x08005a39   Thumb Code     4  stm32f10x_tim.o(i.TIM_SetCompare1)
    TIM_SetCounter                           0x08005a3d   Thumb Code     4  stm32f10x_tim.o(i.TIM_SetCounter)
    TIM_TimeBaseInit                         0x08005a41   Thumb Code   122  stm32f10x_tim.o(i.TIM_TimeBaseInit)
    Timer4_Init                              0x08005ae5   Thumb Code    88  usmart.o(i.Timer4_Init)
    USART1_IRQHandler                        0x08005b41   Thumb Code   122  usart.o(i.USART1_IRQHandler)
    USART2_IRQHandler                        0x08005bc9   Thumb Code   124  usart2.o(i.USART2_IRQHandler)
    USART3_IRQHandler                        0x08005c51   Thumb Code   120  usart3.o(i.USART3_IRQHandler)
    USART_Cmd                                0x08005cd5   Thumb Code    24  stm32f10x_usart.o(i.USART_Cmd)
    USART_DMACmd                             0x08005ced   Thumb Code    18  stm32f10x_usart.o(i.USART_DMACmd)
    USART_GetITStatus                        0x08005cff   Thumb Code    84  stm32f10x_usart.o(i.USART_GetITStatus)
    USART_ITConfig                           0x08005d53   Thumb Code    74  stm32f10x_usart.o(i.USART_ITConfig)
    USART_Init                               0x08005d9d   Thumb Code   210  stm32f10x_usart.o(i.USART_Init)
    USART_ReceiveData                        0x08005e75   Thumb Code    10  stm32f10x_usart.o(i.USART_ReceiveData)
    UsageFault_Handler                       0x08005e7f   Thumb Code     4  stm32f10x_it.o(i.UsageFault_Handler)
    _is_digit                                0x08005e83   Thumb Code    14  __printf_wp.o(i._is_digit)
    _sys_exit                                0x08005e91   Thumb Code     6  usart.o(i._sys_exit)
    delay_init                               0x08005e99   Thumb Code    50  delay.o(i.delay_init)
    delay_ms                                 0x08005edd   Thumb Code    72  delay.o(i.delay_ms)
    delay_us                                 0x08005f29   Thumb Code    72  delay.o(i.delay_us)
    fputc                                    0x08005f75   Thumb Code    24  usart.o(i.fputc)
    main                                     0x08005f91   Thumb Code   482  main.o(i.main)
    read_addr                                0x08006225   Thumb Code     6  usmart.o(i.read_addr)
    uart_init                                0x0800622d   Thumb Code   152  usart.o(i.uart_init)
    usmart_cmd_rec                           0x080062cd   Thumb Code   170  usmart.o(i.usmart_cmd_rec)
    usmart_exe                               0x0800637d   Thumb Code   632  usmart.o(i.usmart_exe)
    usmart_get_aparm                         0x08006651   Thumb Code   200  usmart_str.o(i.usmart_get_aparm)
    usmart_get_cmdname                       0x08006719   Thumb Code    54  usmart_str.o(i.usmart_get_cmdname)
    usmart_get_fname                         0x08006751   Thumb Code   440  usmart_str.o(i.usmart_get_fname)
    usmart_get_fparam                        0x08006911   Thumb Code   262  usmart_str.o(i.usmart_get_fparam)
    usmart_get_parmpos                       0x08006a1d   Thumb Code    26  usmart_str.o(i.usmart_get_parmpos)
    usmart_get_runtime                       0x08006a3d   Thumb Code    60  usmart.o(i.usmart_get_runtime)
    usmart_init                              0x08006a81   Thumb Code    36  usmart.o(i.usmart_init)
    usmart_pow                               0x08006aa9   Thumb Code    22  usmart_str.o(i.usmart_pow)
    usmart_reset_runtime                     0x08006ac1   Thumb Code    38  usmart.o(i.usmart_reset_runtime)
    usmart_scan                              0x08006af1   Thumb Code   120  usmart.o(i.usmart_scan)
    usmart_search_nextc                      0x08006bad   Thumb Code    22  usmart_str.o(i.usmart_search_nextc)
    usmart_str2num                           0x08006bc3   Thumb Code   202  usmart_str.o(i.usmart_str2num)
    usmart_strcmp                            0x08006c8d   Thumb Code    34  usmart_str.o(i.usmart_strcmp)
    usmart_strcopy                           0x08006caf   Thumb Code    22  usmart_str.o(i.usmart_strcopy)
    usmart_strlen                            0x08006cc5   Thumb Code    24  usmart_str.o(i.usmart_strlen)
    usmart_sys_cmd_exe                       0x08006cdd   Thumb Code  1554  usmart.o(i.usmart_sys_cmd_exe)
    write_addr                               0x080073c1   Thumb Code     4  usmart.o(i.write_addr)
    __aeabi_d2f                              0x080073c5   Thumb Code     0  d2f.o(x$fpl$d2f)
    _d2f                                     0x080073c5   Thumb Code    98  d2f.o(x$fpl$d2f)
    __aeabi_ddiv                             0x08007429   Thumb Code     0  ddiv.o(x$fpl$ddiv)
    _ddiv                                    0x08007429   Thumb Code   552  ddiv.o(x$fpl$ddiv)
    __aeabi_d2uiz                            0x080076d9   Thumb Code     0  dfixu.o(x$fpl$dfixu)
    _dfixu                                   0x080076d9   Thumb Code    90  dfixu.o(x$fpl$dfixu)
    __aeabi_ui2d                             0x08007733   Thumb Code     0  dflt_clz.o(x$fpl$dfltu)
    _dfltu                                   0x08007733   Thumb Code    38  dflt_clz.o(x$fpl$dfltu)
    __aeabi_dmul                             0x08007759   Thumb Code     0  dmul.o(x$fpl$dmul)
    _dmul                                    0x08007759   Thumb Code   332  dmul.o(x$fpl$dmul)
    __fpl_dnaninf                            0x080078ad   Thumb Code   156  dnaninf.o(x$fpl$dnaninf)
    __fpl_dretinf                            0x08007949   Thumb Code    12  dretinf.o(x$fpl$dretinf)
    __aeabi_f2d                              0x08007955   Thumb Code     0  f2d.o(x$fpl$f2d)
    _f2d                                     0x08007955   Thumb Code    86  f2d.o(x$fpl$f2d)
    __aeabi_fadd                             0x080079ad   Thumb Code     0  faddsub_clz.o(x$fpl$fadd)
    _fadd                                    0x080079ad   Thumb Code   196  faddsub_clz.o(x$fpl$fadd)
    __aeabi_fdiv                             0x08007a71   Thumb Code     0  fdiv.o(x$fpl$fdiv)
    _fdiv                                    0x08007a71   Thumb Code   384  fdiv.o(x$fpl$fdiv)
    __aeabi_f2uiz                            0x08007bf5   Thumb Code     0  ffixu.o(x$fpl$ffixu)
    _ffixu                                   0x08007bf5   Thumb Code    62  ffixu.o(x$fpl$ffixu)
    __aeabi_ui2f                             0x08007c35   Thumb Code     0  fflt_clz.o(x$fpl$ffltu)
    _ffltu                                   0x08007c35   Thumb Code    38  fflt_clz.o(x$fpl$ffltu)
    __aeabi_fmul                             0x08007c5d   Thumb Code     0  fmul.o(x$fpl$fmul)
    _fmul                                    0x08007c5d   Thumb Code   258  fmul.o(x$fpl$fmul)
    __fpl_fnaninf                            0x08007d5f   Thumb Code   140  fnaninf.o(x$fpl$fnaninf)
    __fpl_fretinf                            0x08007deb   Thumb Code    10  fretinf.o(x$fpl$fretinf)
    __aeabi_frsub                            0x08007df5   Thumb Code     0  faddsub_clz.o(x$fpl$frsb)
    _frsb                                    0x08007df5   Thumb Code    20  faddsub_clz.o(x$fpl$frsb)
    __aeabi_fsub                             0x08007e09   Thumb Code     0  faddsub_clz.o(x$fpl$fsub)
    _fsub                                    0x08007e09   Thumb Code   234  faddsub_clz.o(x$fpl$fsub)
    TEXT_TO_SEND                             0x08007ef2   Data          24  main.o(.constdata)
    __I$use$fp                               0x08007ef2   Number         0  usenofp.o(x$fpl$usenofp)
    asc2_1206                                0x08007f0a   Data        1140  lcd.o(.constdata)
    asc2_1608                                0x0800837e   Data        1520  lcd.o(.constdata)
    asc2_2412                                0x0800896e   Data        3420  lcd.o(.constdata)
    hanzi_1616                               0x080096ca   Data         256  lcd.o(.constdata)
    table_week                               0x080097ca   Data          12  rtc.o(.constdata)
    mon_table                                0x080097d6   Data          12  rtc.o(.constdata)
    Region$$Table$$Base                      0x0800991c   Number         0  anon$$obj.o(Region$$Table)
    Region$$Table$$Limit                     0x0800993c   Number         0  anon$$obj.o(Region$$Table)
    SystemCoreClock                          0x20000000   Data           4  system_stm32f10x.o(.data)
    AHBPrescTable                            0x20000004   Data          16  system_stm32f10x.o(.data)
    __stdout                                 0x2000002c   Data           4  usart.o(.data)
    USART_RX_STA                             0x20000030   Data           2  usart.o(.data)
    POINT_COLOR                              0x20000034   Data           2  lcd.o(.data)
    BACK_COLOR                               0x20000036   Data           2  lcd.o(.data)
    USART3_RX_STA                            0x2000003a   Data           2  usart3.o(.data)
    USART2_RX_STA                            0x2000003c   Data           2  usart2.o(.data)
    TIM5CH1_CAPTURE_STA                      0x2000003e   Data           1  timer.o(.data)
    TIM5CH1_CAPTURE_VAL                      0x20000040   Data           2  timer.o(.data)
    DMA1_MEM_LEN                             0x20000042   Data           2  dma.o(.data)
    sys_cmd_tab                              0x20000044   Data          28  usmart.o(.data)
    usmart_nametab                           0x20000060   Data          56  usmart_config.o(.data)
    usmart_dev                               0x20000098   Data         244  usmart_config.o(.data)
    SendBuff                                 0x2000018c   Data        8200  main.o(.bss)
    USART_RX_BUF                             0x20002194   Data         200  usart.o(.bss)
    lcddev                                   0x2000225c   Data          14  lcd.o(.bss)
    calendar                                 0x2000226a   Data          10  rtc.o(.bss)
    USART3_RX_BUF                            0x20002274   Data        1024  usart3.o(.bss)
    USART3_TX_BUF                            0x20002674   Data         600  usart3.o(.bss)
    USART_InitStructure                      0x200028cc   Data          16  usart3.o(.bss)
    USART2_RX_BUF                            0x200028dc   Data         600  usart2.o(.bss)
    USART2_TX_BUF                            0x20002b34   Data         600  usart2.o(.bss)
    DMA_InitStructure                        0x20002d8c   Data          44  dma.o(.bss)
    __libspace_start                         0x20002db8   Data          96  libspace.o(.bss)
    __temporary_stack_top$libspace           0x20002e18   Data           0  libspace.o(.bss)
    mem2base                                 0x68000000   Data       983040  malloc.o(.ARM.__AT_0x68000000)
    mem2mapbase                              0x680f0000   Data       61440  malloc.o(.ARM.__AT_0x680F0000)



==============================================================================

Memory Map of the image

  Image Entry point : 0x08000131

  Load Region LR_IROM1 (Base: 0x08000000, Size: 0x00009ac8, Max: 0x00080000, ABSOLUTE, COMPRESSED[0x000099b8])

    Execution Region ER_IROM1 (Base: 0x08000000, Size: 0x0000993c, Max: 0x00080000, ABSOLUTE)

    Base Addr    Size         Type   Attr      Idx    E Section Name        Object

    0x08000000   0x00000130   Data   RO          280    RESET               startup_stm32f10x_hd.o
    0x08000130   0x00000008   Code   RO         4488  * !!!main             c_w.l(__main.o)
    0x08000138   0x00000034   Code   RO         4810    !!!scatter          c_w.l(__scatter.o)
    0x0800016c   0x0000005a   Code   RO         4808    !!dczerorl2         c_w.l(__dczerorl2.o)
    0x080001c6   0x00000002   PAD
    0x080001c8   0x0000001c   Code   RO         4812    !!handler_zi        c_w.l(__scatter_zi.o)
    0x080001e4   0x00000000   Code   RO         4483    .ARM.Collect$$_printf_percent$$00000000  c_w.l(_printf_percent.o)
    0x080001e4   0x00000006   Code   RO         4481    .ARM.Collect$$_printf_percent$$00000009  c_w.l(_printf_d.o)
    0x080001ea   0x00000006   Code   RO         4482    .ARM.Collect$$_printf_percent$$0000000A  c_w.l(_printf_u.o)
    0x080001f0   0x00000006   Code   RO         4480    .ARM.Collect$$_printf_percent$$0000000C  c_w.l(_printf_x.o)
    0x080001f6   0x00000006   Code   RO         4478    .ARM.Collect$$_printf_percent$$00000013  c_w.l(_printf_c.o)
    0x080001fc   0x00000006   Code   RO         4479    .ARM.Collect$$_printf_percent$$00000014  c_w.l(_printf_s.o)
    0x08000202   0x00000004   Code   RO         4578    .ARM.Collect$$_printf_percent$$00000017  c_w.l(_printf_percent_end.o)
    0x08000206   0x00000002   Code   RO         4674    .ARM.Collect$$libinit$$00000000  c_w.l(libinit.o)
    0x08000208   0x00000000   Code   RO         4690    .ARM.Collect$$libinit$$00000002  c_w.l(libinit2.o)
    0x08000208   0x00000000   Code   RO         4692    .ARM.Collect$$libinit$$00000004  c_w.l(libinit2.o)
    0x08000208   0x00000000   Code   RO         4695    .ARM.Collect$$libinit$$0000000A  c_w.l(libinit2.o)
    0x08000208   0x00000000   Code   RO         4697    .ARM.Collect$$libinit$$0000000C  c_w.l(libinit2.o)
    0x08000208   0x00000000   Code   RO         4699    .ARM.Collect$$libinit$$0000000E  c_w.l(libinit2.o)
    0x08000208   0x00000000   Code   RO         4702    .ARM.Collect$$libinit$$00000011  c_w.l(libinit2.o)
    0x08000208   0x00000000   Code   RO         4704    .ARM.Collect$$libinit$$00000013  c_w.l(libinit2.o)
    0x08000208   0x00000000   Code   RO         4706    .ARM.Collect$$libinit$$00000015  c_w.l(libinit2.o)
    0x08000208   0x00000000   Code   RO         4708    .ARM.Collect$$libinit$$00000017  c_w.l(libinit2.o)
    0x08000208   0x00000000   Code   RO         4710    .ARM.Collect$$libinit$$00000019  c_w.l(libinit2.o)
    0x08000208   0x00000000   Code   RO         4712    .ARM.Collect$$libinit$$0000001B  c_w.l(libinit2.o)
    0x08000208   0x00000000   Code   RO         4714    .ARM.Collect$$libinit$$0000001D  c_w.l(libinit2.o)
    0x08000208   0x00000000   Code   RO         4716    .ARM.Collect$$libinit$$0000001F  c_w.l(libinit2.o)
    0x08000208   0x00000000   Code   RO         4718    .ARM.Collect$$libinit$$00000021  c_w.l(libinit2.o)
    0x08000208   0x00000000   Code   RO         4720    .ARM.Collect$$libinit$$00000023  c_w.l(libinit2.o)
    0x08000208   0x00000000   Code   RO         4722    .ARM.Collect$$libinit$$00000025  c_w.l(libinit2.o)
    0x08000208   0x00000000   Code   RO         4726    .ARM.Collect$$libinit$$0000002C  c_w.l(libinit2.o)
    0x08000208   0x00000000   Code   RO         4728    .ARM.Collect$$libinit$$0000002E  c_w.l(libinit2.o)
    0x08000208   0x00000000   Code   RO         4730    .ARM.Collect$$libinit$$00000030  c_w.l(libinit2.o)
    0x08000208   0x00000000   Code   RO         4732    .ARM.Collect$$libinit$$00000032  c_w.l(libinit2.o)
    0x08000208   0x00000002   Code   RO         4733    .ARM.Collect$$libinit$$00000033  c_w.l(libinit2.o)
    0x0800020a   0x00000002   Code   RO         4751    .ARM.Collect$$libshutdown$$00000000  c_w.l(libshutdown.o)
    0x0800020c   0x00000000   Code   RO         4762    .ARM.Collect$$libshutdown$$00000003  c_w.l(libshutdown2.o)
    0x0800020c   0x00000000   Code   RO         4765    .ARM.Collect$$libshutdown$$00000006  c_w.l(libshutdown2.o)
    0x0800020c   0x00000000   Code   RO         4768    .ARM.Collect$$libshutdown$$00000009  c_w.l(libshutdown2.o)
    0x0800020c   0x00000000   Code   RO         4770    .ARM.Collect$$libshutdown$$0000000B  c_w.l(libshutdown2.o)
    0x0800020c   0x00000000   Code   RO         4773    .ARM.Collect$$libshutdown$$0000000E  c_w.l(libshutdown2.o)
    0x0800020c   0x00000002   Code   RO         4774    .ARM.Collect$$libshutdown$$0000000F  c_w.l(libshutdown2.o)
    0x0800020e   0x00000000   Code   RO         4544    .ARM.Collect$$rtentry$$00000000  c_w.l(__rtentry.o)
    0x0800020e   0x00000000   Code   RO         4600    .ARM.Collect$$rtentry$$00000002  c_w.l(__rtentry2.o)
    0x0800020e   0x00000006   Code   RO         4612    .ARM.Collect$$rtentry$$00000004  c_w.l(__rtentry4.o)
    0x08000214   0x00000000   Code   RO         4602    .ARM.Collect$$rtentry$$00000009  c_w.l(__rtentry2.o)
    0x08000214   0x00000004   Code   RO         4603    .ARM.Collect$$rtentry$$0000000A  c_w.l(__rtentry2.o)
    0x08000218   0x00000000   Code   RO         4605    .ARM.Collect$$rtentry$$0000000C  c_w.l(__rtentry2.o)
    0x08000218   0x00000008   Code   RO         4606    .ARM.Collect$$rtentry$$0000000D  c_w.l(__rtentry2.o)
    0x08000220   0x00000002   Code   RO         4682    .ARM.Collect$$rtexit$$00000000  c_w.l(rtexit.o)
    0x08000222   0x00000000   Code   RO         4735    .ARM.Collect$$rtexit$$00000002  c_w.l(rtexit2.o)
    0x08000222   0x00000004   Code   RO         4736    .ARM.Collect$$rtexit$$00000003  c_w.l(rtexit2.o)
    0x08000226   0x00000006   Code   RO         4737    .ARM.Collect$$rtexit$$00000004  c_w.l(rtexit2.o)
    0x0800022c   0x00000040   Code   RO          281    .text               startup_stm32f10x_hd.o
    0x0800026c   0x00000002   Code   RO         4421    .text               c_w.l(use_no_semi_2.o)
    0x0800026e   0x00000002   PAD
    0x08000270   0x00000018   Code   RO         4425    .text               c_w.l(__2printf.o)
    0x08000288   0x0000004e   Code   RO         4431    .text               c_w.l(_printf_pad.o)
    0x080002d6   0x00000052   Code   RO         4433    .text               c_w.l(_printf_str.o)
    0x08000328   0x00000078   Code   RO         4435    .text               c_w.l(_printf_dec.o)
    0x080003a0   0x00000094   Code   RO         4455    .text               c_w.l(_printf_hex_int_ll_ptr.o)
    0x08000434   0x00000188   Code   RO         4475    .text               c_w.l(__printf_flags_ss_wp.o)
    0x080005bc   0x00000006   Code   RO         4486    .text               c_w.l(heapauxi.o)
    0x080005c2   0x00000002   Code   RO         4542    .text               c_w.l(use_no_semi.o)
    0x080005c4   0x000000b2   Code   RO         4547    .text               c_w.l(_printf_intcommon.o)
    0x08000676   0x00000002   PAD
    0x08000678   0x00000030   Code   RO         4551    .text               c_w.l(_printf_char_common.o)
    0x080006a8   0x0000002c   Code   RO         4555    .text               c_w.l(_printf_char.o)
    0x080006d4   0x00000024   Code   RO         4557    .text               c_w.l(_printf_char_file.o)
    0x080006f8   0x00000008   Code   RO         4622    .text               c_w.l(ferror.o)
    0x08000700   0x0000004a   Code   RO         4628    .text               c_w.l(sys_stackheap_outer.o)
    0x0800074a   0x0000000c   Code   RO         4667    .text               c_w.l(exit.o)
    0x08000756   0x00000002   PAD
    0x08000758   0x00000008   Code   RO         4679    .text               c_w.l(libspace.o)
    0x08000760   0x00000034   Code   RO         3935    i.BEEP_Init         beep.o
    0x08000794   0x00000004   Code   RO          181    i.BusFault_Handler  stm32f10x_it.o
    0x08000798   0x00000040   Code   RO         3690    i.Check_WKUP        wkup.o
    0x080007d8   0x0000001c   Code   RO         1047    i.DMA_ClearFlag     stm32f10x_dma.o
    0x080007f4   0x00000018   Code   RO         1049    i.DMA_Cmd           stm32f10x_dma.o
    0x0800080c   0x0000014c   Code   RO         1050    i.DMA_DeInit        stm32f10x_dma.o
    0x08000958   0x00000008   Code   RO         1051    i.DMA_GetCurrDataCounter  stm32f10x_dma.o
    0x08000960   0x0000002c   Code   RO         1052    i.DMA_GetFlagStatus  stm32f10x_dma.o
    0x0800098c   0x0000003c   Code   RO         1055    i.DMA_Init          stm32f10x_dma.o
    0x080009c8   0x00000004   Code   RO         1056    i.DMA_SetCurrDataCounter  stm32f10x_dma.o
    0x080009cc   0x00000002   Code   RO          182    i.DebugMon_Handler  stm32f10x_it.o
    0x080009ce   0x00000014   Code   RO         3691    i.EXTI0_IRQHandler  wkup.o
    0x080009e2   0x00000002   PAD
    0x080009e4   0x0000000c   Code   RO         1120    i.EXTI_ClearITPendingBit  stm32f10x_exti.o
    0x080009f0   0x00000034   Code   RO         1358    i.FSMC_NORSRAMCmd   stm32f10x_fsmc.o
    0x08000a24   0x000000e6   Code   RO         1360    i.FSMC_NORSRAMInit  stm32f10x_fsmc.o
    0x08000b0a   0x00000116   Code   RO         1473    i.GPIO_Init         stm32f10x_gpio.o
    0x08000c20   0x00000012   Code   RO         1477    i.GPIO_ReadInputDataBit  stm32f10x_gpio.o
    0x08000c32   0x00000004   Code   RO         1480    i.GPIO_ResetBits    stm32f10x_gpio.o
    0x08000c36   0x00000004   Code   RO         1481    i.GPIO_SetBits      stm32f10x_gpio.o
    0x08000c3a   0x00000004   Code   RO          183    i.HardFault_Handler  stm32f10x_it.o
    0x08000c3e   0x0000003a   Code   RO         3629    i.Is_Leap_Year      rtc.o
    0x08000c78   0x0000003c   Code   RO         3384    i.KEY_Init          key.o
    0x08000cb4   0x000000c8   Code   RO         3385    i.KEY_Scan          key.o
    0x08000d7c   0x0000006c   Code   RO         3404    i.LCD_Clear         lcd.o
    0x08000de8   0x000001c0   Code   RO         3408    i.LCD_Display_Dir   lcd.o
    0x08000fa8   0x0000017c   Code   RO         3413    i.LCD_Fast_DrawPoint  lcd.o
    0x08001124   0x00003774   Code   RO         3415    i.LCD_Init          lcd.o
    0x08004898   0x00000016   Code   RO         3416    i.LCD_Pow           lcd.o
    0x080048ae   0x00000002   PAD
    0x080048b0   0x00000014   Code   RO         3417    i.LCD_RD_DATA       lcd.o
    0x080048c4   0x00000016   Code   RO         3419    i.LCD_ReadReg       lcd.o
    0x080048da   0x00000002   PAD
    0x080048dc   0x00000054   Code   RO         3420    i.LCD_SSD_BackLightSet  lcd.o
    0x08004930   0x000002ec   Code   RO         3421    i.LCD_Scan_Dir      lcd.o
    0x08004c1c   0x000001a8   Code   RO         3422    i.LCD_SetCursor     lcd.o
    0x08004dc4   0x00000128   Code   RO         3424    i.LCD_ShowChar      lcd.o
    0x08004eec   0x00000094   Code   RO         3425    i.LCD_ShowNum       lcd.o
    0x08004f80   0x00000066   Code   RO         3426    i.LCD_ShowString    lcd.o
    0x08004fe6   0x00000002   PAD
    0x08004fe8   0x0000000c   Code   RO         3428    i.LCD_WR_DATA       lcd.o
    0x08004ff4   0x0000000c   Code   RO         3429    i.LCD_WR_REG        lcd.o
    0x08005000   0x00000014   Code   RO         3431    i.LCD_WriteRAM_Prepare  lcd.o
    0x08005014   0x00000010   Code   RO         3432    i.LCD_WriteReg      lcd.o
    0x08005024   0x00000018   Code   RO            1    i.LED1SET           main.o
    0x0800503c   0x0000004c   Code   RO         3617    i.LED_Init          led.o
    0x08005088   0x0000005c   Code   RO         3910    i.MYDMA_Config      dma.o
    0x080050e4   0x00000024   Code   RO         3911    i.MYDMA_Enable      dma.o
    0x08005108   0x00000004   Code   RO          184    i.MemManage_Handler  stm32f10x_it.o
    0x0800510c   0x00000002   Code   RO          185    i.NMI_Handler       stm32f10x_it.o
    0x0800510e   0x00000002   PAD
    0x08005110   0x00000070   Code   RO          296    i.NVIC_Init         misc.o
    0x08005180   0x00000014   Code   RO          297    i.NVIC_PriorityGroupConfig  misc.o
    0x08005194   0x0000005c   Code   RO            2    i.PWM_DAC_Set       main.o
    0x080051f0   0x0000000c   Code   RO         1827    i.PWR_BackupAccessCmd  stm32f10x_pwr.o
    0x080051fc   0x00000034   Code   RO         1830    i.PWR_EnterSTANDBYMode  stm32f10x_pwr.o
    0x08005230   0x0000000c   Code   RO         1835    i.PWR_WakeUpPinCmd  stm32f10x_pwr.o
    0x0800523c   0x00000002   Code   RO          186    i.PendSV_Handler    stm32f10x_it.o
    0x0800523e   0x00000002   PAD
    0x08005240   0x00000020   Code   RO         1888    i.RCC_AHBPeriphClockCmd  stm32f10x_rcc.o
    0x08005260   0x00000020   Code   RO         1889    i.RCC_APB1PeriphClockCmd  stm32f10x_rcc.o
    0x08005280   0x00000020   Code   RO         1891    i.RCC_APB2PeriphClockCmd  stm32f10x_rcc.o
    0x080052a0   0x00000020   Code   RO         1892    i.RCC_APB2PeriphResetCmd  stm32f10x_rcc.o
    0x080052c0   0x000000d4   Code   RO         1899    i.RCC_GetClocksFreq  stm32f10x_rcc.o
    0x08005394   0x00000010   Code   RO         2088    i.RTC_ClearITPendingBit  stm32f10x_rtc.o
    0x080053a4   0x00000014   Code   RO         2089    i.RTC_EnterConfigMode  stm32f10x_rtc.o
    0x080053b8   0x00000014   Code   RO         2090    i.RTC_ExitConfigMode  stm32f10x_rtc.o
    0x080053cc   0x00000100   Code   RO         3631    i.RTC_Get           rtc.o
    0x080054cc   0x00000014   Code   RO         2091    i.RTC_GetCounter    stm32f10x_rtc.o
    0x080054e0   0x00000024   Code   RO         2094    i.RTC_GetITStatus   stm32f10x_rtc.o
    0x08005504   0x00000078   Code   RO         3632    i.RTC_Get_Week      rtc.o
    0x0800557c   0x00000070   Code   RO         3633    i.RTC_IRQHandler    rtc.o
    0x080055ec   0x000000c8   Code   RO         3636    i.RTC_Set           rtc.o
    0x080056b4   0x0000001c   Code   RO         2097    i.RTC_SetCounter    stm32f10x_rtc.o
    0x080056d0   0x00000014   Code   RO         2099    i.RTC_WaitForLastTask  stm32f10x_rtc.o
    0x080056e4   0x00000002   Code   RO          187    i.SVC_Handler       stm32f10x_it.o
    0x080056e6   0x00000008   Code   RO          244    i.SetSysClock       system_stm32f10x.o
    0x080056ee   0x00000002   PAD
    0x080056f0   0x000000e0   Code   RO          245    i.SetSysClockTo72   system_stm32f10x.o
    0x080057d0   0x00000028   Code   RO          300    i.SysTick_CLKSourceConfig  misc.o
    0x080057f8   0x00000002   Code   RO          188    i.SysTick_Handler   stm32f10x_it.o
    0x080057fa   0x00000012   Code   RO         3692    i.Sys_Enter_Standby  wkup.o
    0x0800580c   0x00000016   Code   RO         3693    i.Sys_Standby       wkup.o
    0x08005822   0x00000002   PAD
    0x08005824   0x00000060   Code   RO          247    i.SystemInit        system_stm32f10x.o
    0x08005884   0x00000030   Code   RO         3865    i.TIM3_IRQHandler   timer.o
    0x080058b4   0x00000038   Code   RO         4176    i.TIM4_IRQHandler   usmart.o
    0x080058ec   0x000000c0   Code   RO         3869    i.TIM5_IRQHandler   timer.o
    0x080059ac   0x00000006   Code   RO         2517    i.TIM_ClearFlag     stm32f10x_tim.o
    0x080059b2   0x00000006   Code   RO         2518    i.TIM_ClearITPendingBit  stm32f10x_tim.o
    0x080059b8   0x00000018   Code   RO         2523    i.TIM_Cmd           stm32f10x_tim.o
    0x080059d0   0x00000006   Code   RO         2538    i.TIM_GetCapture1   stm32f10x_tim.o
    0x080059d6   0x00000006   Code   RO         2542    i.TIM_GetCounter    stm32f10x_tim.o
    0x080059dc   0x00000012   Code   RO         2543    i.TIM_GetFlagStatus  stm32f10x_tim.o
    0x080059ee   0x00000022   Code   RO         2544    i.TIM_GetITStatus   stm32f10x_tim.o
    0x08005a10   0x00000012   Code   RO         2548    i.TIM_ITConfig      stm32f10x_tim.o
    0x08005a22   0x00000012   Code   RO         2554    i.TIM_OC1PolarityConfig  stm32f10x_tim.o
    0x08005a34   0x00000004   Code   RO         2582    i.TIM_SetAutoreload  stm32f10x_tim.o
    0x08005a38   0x00000004   Code   RO         2584    i.TIM_SetCompare1   stm32f10x_tim.o
    0x08005a3c   0x00000004   Code   RO         2588    i.TIM_SetCounter    stm32f10x_tim.o
    0x08005a40   0x000000a4   Code   RO         2594    i.TIM_TimeBaseInit  stm32f10x_tim.o
    0x08005ae4   0x0000005c   Code   RO         4177    i.Timer4_Init       usmart.o
    0x08005b40   0x00000088   Code   RO         3343    i.USART1_IRQHandler  usart.o
    0x08005bc8   0x00000088   Code   RO         3815    i.USART2_IRQHandler  usart2.o
    0x08005c50   0x00000084   Code   RO         3774    i.USART3_IRQHandler  usart3.o
    0x08005cd4   0x00000018   Code   RO         3059    i.USART_Cmd         stm32f10x_usart.o
    0x08005cec   0x00000012   Code   RO         3060    i.USART_DMACmd      stm32f10x_usart.o
    0x08005cfe   0x00000054   Code   RO         3063    i.USART_GetITStatus  stm32f10x_usart.o
    0x08005d52   0x0000004a   Code   RO         3065    i.USART_ITConfig    stm32f10x_usart.o
    0x08005d9c   0x000000d8   Code   RO         3066    i.USART_Init        stm32f10x_usart.o
    0x08005e74   0x0000000a   Code   RO         3073    i.USART_ReceiveData  stm32f10x_usart.o
    0x08005e7e   0x00000004   Code   RO          189    i.UsageFault_Handler  stm32f10x_it.o
    0x08005e82   0x0000000e   Code   RO         4468    i._is_digit         c_w.l(__printf_wp.o)
    0x08005e90   0x00000006   Code   RO         3344    i._sys_exit         usart.o
    0x08005e96   0x00000002   PAD
    0x08005e98   0x00000044   Code   RO         3289    i.delay_init        delay.o
    0x08005edc   0x0000004c   Code   RO         3290    i.delay_ms          delay.o
    0x08005f28   0x0000004c   Code   RO         3291    i.delay_us          delay.o
    0x08005f74   0x0000001c   Code   RO         3345    i.fputc             usart.o
    0x08005f90   0x00000294   Code   RO            3    i.main              main.o
    0x08006224   0x00000006   Code   RO         4178    i.read_addr         usmart.o
    0x0800622a   0x00000002   PAD
    0x0800622c   0x000000a0   Code   RO         3346    i.uart_init         usart.o
    0x080062cc   0x000000b0   Code   RO         4179    i.usmart_cmd_rec    usmart.o
    0x0800637c   0x000002d4   Code   RO         4180    i.usmart_exe        usmart.o
    0x08006650   0x000000c8   Code   RO         4277    i.usmart_get_aparm  usmart_str.o
    0x08006718   0x00000036   Code   RO         4278    i.usmart_get_cmdname  usmart_str.o
    0x0800674e   0x00000002   PAD
    0x08006750   0x000001c0   Code   RO         4279    i.usmart_get_fname  usmart_str.o
    0x08006910   0x0000010c   Code   RO         4280    i.usmart_get_fparam  usmart_str.o
    0x08006a1c   0x00000020   Code   RO         4281    i.usmart_get_parmpos  usmart_str.o
    0x08006a3c   0x00000044   Code   RO         4181    i.usmart_get_runtime  usmart.o
    0x08006a80   0x00000028   Code   RO         4182    i.usmart_init       usmart.o
    0x08006aa8   0x00000016   Code   RO         4282    i.usmart_pow        usmart_str.o
    0x08006abe   0x00000002   PAD
    0x08006ac0   0x00000030   Code   RO         4183    i.usmart_reset_runtime  usmart.o
    0x08006af0   0x000000bc   Code   RO         4184    i.usmart_scan       usmart.o
    0x08006bac   0x00000016   Code   RO         4283    i.usmart_search_nextc  usmart_str.o
    0x08006bc2   0x000000ca   Code   RO         4284    i.usmart_str2num    usmart_str.o
    0x08006c8c   0x00000022   Code   RO         4285    i.usmart_strcmp     usmart_str.o
    0x08006cae   0x00000016   Code   RO         4286    i.usmart_strcopy    usmart_str.o
    0x08006cc4   0x00000018   Code   RO         4287    i.usmart_strlen     usmart_str.o
    0x08006cdc   0x000006e4   Code   RO         4185    i.usmart_sys_cmd_exe  usmart.o
    0x080073c0   0x00000004   Code   RO         4186    i.write_addr        usmart.o
    0x080073c4   0x00000062   Code   RO         4490    x$fpl$d2f           fz_ws.l(d2f.o)
    0x08007426   0x00000002   PAD
    0x08007428   0x000002b0   Code   RO         4499    x$fpl$ddiv          fz_ws.l(ddiv.o)
    0x080076d8   0x0000005a   Code   RO         4506    x$fpl$dfixu         fz_ws.l(dfixu.o)
    0x08007732   0x00000026   Code   RO         4510    x$fpl$dfltu         fz_ws.l(dflt_clz.o)
    0x08007758   0x00000154   Code   RO         4516    x$fpl$dmul          fz_ws.l(dmul.o)
    0x080078ac   0x0000009c   Code   RO         4588    x$fpl$dnaninf       fz_ws.l(dnaninf.o)
    0x08007948   0x0000000c   Code   RO         4590    x$fpl$dretinf       fz_ws.l(dretinf.o)
    0x08007954   0x00000056   Code   RO         4518    x$fpl$f2d           fz_ws.l(f2d.o)
    0x080079aa   0x00000002   PAD
    0x080079ac   0x000000c4   Code   RO         4520    x$fpl$fadd          fz_ws.l(faddsub_clz.o)
    0x08007a70   0x00000184   Code   RO         4527    x$fpl$fdiv          fz_ws.l(fdiv.o)
    0x08007bf4   0x0000003e   Code   RO         4530    x$fpl$ffixu         fz_ws.l(ffixu.o)
    0x08007c32   0x00000002   PAD
    0x08007c34   0x00000026   Code   RO         4534    x$fpl$ffltu         fz_ws.l(fflt_clz.o)
    0x08007c5a   0x00000002   PAD
    0x08007c5c   0x00000102   Code   RO         4540    x$fpl$fmul          fz_ws.l(fmul.o)
    0x08007d5e   0x0000008c   Code   RO         4592    x$fpl$fnaninf       fz_ws.l(fnaninf.o)
    0x08007dea   0x0000000a   Code   RO         4594    x$fpl$fretinf       fz_ws.l(fretinf.o)
    0x08007df4   0x00000014   Code   RO         4521    x$fpl$frsb          fz_ws.l(faddsub_clz.o)
    0x08007e08   0x000000ea   Code   RO         4522    x$fpl$fsub          fz_ws.l(faddsub_clz.o)
    0x08007ef2   0x00000000   Code   RO         4598    x$fpl$usenofp       fz_ws.l(usenofp.o)
    0x08007ef2   0x00000018   Data   RO            5    .constdata          main.o
    0x08007f0a   0x000018c0   Data   RO         3435    .constdata          lcd.o
    0x080097ca   0x00000018   Data   RO         3638    .constdata          rtc.o
    0x080097e2   0x00000028   Data   RO         4456    .constdata          c_w.l(_printf_hex_int_ll_ptr.o)
    0x0800980a   0x00000011   Data   RO         4476    .constdata          c_w.l(__printf_flags_ss_wp.o)
    0x0800981b   0x00000001   PAD
    0x0800981c   0x00000028   Data   RO         4187    .conststring        usmart.o
    0x08009844   0x000000d7   Data   RO         4256    .conststring        usmart_config.o
    0x0800991b   0x00000001   PAD
    0x0800991c   0x00000020   Data   RO         4806    Region$$Table       anon$$obj.o


    Execution Region RW_IRAM1 (Base: 0x20000000, Size: 0x00003418, Max: 0x00010000, ABSOLUTE, COMPRESSED[0x0000007c])

    Base Addr    Size         Type   Attr      Idx    E Section Name        Object

    0x20000000   0x00000014   Data   RW          248    .data               system_stm32f10x.o
    0x20000014   0x00000014   Data   RW         1919    .data               stm32f10x_rcc.o
    0x20000028   0x00000004   Data   RW         3292    .data               delay.o
    0x2000002c   0x00000006   Data   RW         3348    .data               usart.o
    0x20000032   0x00000001   Data   RW         3386    .data               key.o
    0x20000033   0x00000001   PAD
    0x20000034   0x00000004   Data   RW         3436    .data               lcd.o
    0x20000038   0x00000002   Data   RW         3639    .data               rtc.o
    0x2000003a   0x00000002   Data   RW         3778    .data               usart3.o
    0x2000003c   0x00000002   Data   RW         3819    .data               usart2.o
    0x2000003e   0x00000004   Data   RW         3871    .data               timer.o
    0x20000042   0x00000002   Data   RW         3913    .data               dma.o
    0x20000044   0x0000001c   Data   RW         4188    .data               usmart.o
    0x20000060   0x0000012c   Data   RW         4257    .data               usmart_config.o
    0x2000018c   0x00002008   Zero   RW            4    .bss                main.o
    0x20002194   0x000000c8   Zero   RW         3347    .bss                usart.o
    0x2000225c   0x0000000e   Zero   RW         3434    .bss                lcd.o
    0x2000226a   0x0000000a   Zero   RW         3637    .bss                rtc.o
    0x20002274   0x00000668   Zero   RW         3777    .bss                usart3.o
    0x200028dc   0x000004b0   Zero   RW         3818    .bss                usart2.o
    0x20002d8c   0x0000002c   Zero   RW         3912    .bss                dma.o
    0x20002db8   0x00000060   Zero   RW         4680    .bss                c_w.l(libspace.o)
    0x20002e18   0x00000200   Zero   RW          279    HEAP                startup_stm32f10x_hd.o
    0x20003018   0x00000400   Zero   RW          278    STACK               startup_stm32f10x_hd.o



  Load Region LR$$.ARM.__AT_0x68000000 (Base: 0x68000000, Size: 0x00000000, Max: 0x000f0000, ABSOLUTE)

    Execution Region ER$$.ARM.__AT_0x68000000 (Base: 0x68000000, Size: 0x000f0000, Max: 0x000f0000, ABSOLUTE, UNINIT)

    Base Addr    Size         Type   Attr      Idx    E Section Name        Object

    0x68000000   0x000f0000   Zero   RW         4358    .ARM.__AT_0x68000000  malloc.o



  Load Region LR$$.ARM.__AT_0x680F0000 (Base: 0x680f0000, Size: 0x00000000, Max: 0x0000f000, ABSOLUTE)

    Execution Region ER$$.ARM.__AT_0x680F0000 (Base: 0x680f0000, Size: 0x0000f000, Max: 0x0000f000, ABSOLUTE, UNINIT)

    Base Addr    Size         Type   Attr      Idx    E Section Name        Object

    0x680f0000   0x0000f000   Zero   RW         4359    .ARM.__AT_0x680F0000  malloc.o


==============================================================================

Image component sizes


      Code (inc. data)   RO Data    RW Data    ZI Data      Debug   Object Name

        52          4          0          0          0        464   beep.o
       220         26          0          4          0       1583   delay.o
       128         14          0          2         44       1611   dma.o
       260         20          0          1          0       1106   key.o
     17058        184       6336          4         14      20914   lcd.o
        76          8          0          0          0        467   led.o
       776        196         24          0       8200     271243   main.o
         0          0          0          0    1044480       1489   malloc.o
       172         22          0          0          0     206665   misc.o
       746         72         24          2         10       4215   rtc.o
        64         26        304          0       1536        808   startup_stm32f10x_hd.o
       500         26          0          0          0       5420   stm32f10x_dma.o
        12          6          0          0          0        497   stm32f10x_exti.o
       282          6          0          0          0       1729   stm32f10x_fsmc.o
       304          0          0          0          0       3496   stm32f10x_gpio.o
        26          0          0          0          0       3466   stm32f10x_it.o
        76         22          0          0          0       1424   stm32f10x_pwr.o
       340         44          0         20          0       5371   stm32f10x_rcc.o
       160         30          0          0          0       3353   stm32f10x_rtc.o
       312         42          0          0          0       7528   stm32f10x_tim.o
       426          6          0          0          0       5345   stm32f10x_usart.o
       328         28          0         20          0       1945   system_stm32f10x.o
       240         24          0          4          0       1315   timer.o
       330         26          0          6        200       3956   usart.o
       136         12          0          2       1200       1300   usart2.o
       132         12          0          2       1640       1368   usart3.o
      3166       1330         40         28          0       7158   usmart.o
         0          0        215        300          0       1556   usmart_config.o
      1328         20          0          0          0       7961   usmart_str.o
       124         10          0          0          0       1834   wkup.o

    ----------------------------------------------------------------------
     27798       2216       6976        396    1057324     576587   Object Totals
         0          0         32          0          0          0   (incl. Generated)
        24          0          1          1          0          0   (incl. Padding)

    ----------------------------------------------------------------------

      Code (inc. data)   RO Data    RW Data    ZI Data      Debug   Library Member Name

        24          4          0          0          0         84   __2printf.o
        90          0          0          0          0          0   __dczerorl2.o
         8          0          0          0          0         68   __main.o
       392          4         17          0          0         92   __printf_flags_ss_wp.o
        14          0          0          0          0         68   __printf_wp.o
         0          0          0          0          0          0   __rtentry.o
        12          0          0          0          0          0   __rtentry2.o
         6          0          0          0          0          0   __rtentry4.o
        52          8          0          0          0          0   __scatter.o
        28          0          0          0          0          0   __scatter_zi.o
         6          0          0          0          0          0   _printf_c.o
        44          0          0          0          0        108   _printf_char.o
        48          6          0          0          0         96   _printf_char_common.o
        36          4          0          0          0         80   _printf_char_file.o
         6          0          0          0          0          0   _printf_d.o
       120         16          0          0          0         92   _printf_dec.o
       148          4         40          0          0        160   _printf_hex_int_ll_ptr.o
       178          0          0          0          0         88   _printf_intcommon.o
        78          0          0          0          0        108   _printf_pad.o
         0          0          0          0          0          0   _printf_percent.o
         4          0          0          0          0          0   _printf_percent_end.o
         6          0          0          0          0          0   _printf_s.o
        82          0          0          0          0         80   _printf_str.o
         6          0          0          0          0          0   _printf_u.o
         6          0          0          0          0          0   _printf_x.o
        12          0          0          0          0         72   exit.o
         8          0          0          0          0         68   ferror.o
         6          0          0          0          0        152   heapauxi.o
         2          0          0          0          0          0   libinit.o
         2          0          0          0          0          0   libinit2.o
         2          0          0          0          0          0   libshutdown.o
         2          0          0          0          0          0   libshutdown2.o
         8          4          0          0         96         68   libspace.o
         2          0          0          0          0          0   rtexit.o
        10          0          0          0          0          0   rtexit2.o
        74          0          0          0          0         80   sys_stackheap_outer.o
         2          0          0          0          0         68   use_no_semi.o
         2          0          0          0          0         68   use_no_semi_2.o
        98          4          0          0          0         92   d2f.o
       688        140          0          0          0        208   ddiv.o
        90          4          0          0          0         92   dfixu.o
        38          0          0          0          0         68   dflt_clz.o
       340         12          0          0          0        104   dmul.o
       156          4          0          0          0         92   dnaninf.o
        12          0          0          0          0         68   dretinf.o
        86          4          0          0          0         84   f2d.o
       450          8          0          0          0        236   faddsub_clz.o
       388         76          0          0          0         96   fdiv.o
        62          4          0          0          0         84   ffixu.o
        38          0          0          0          0         68   fflt_clz.o
       258          4          0          0          0         84   fmul.o
       140          4          0          0          0         84   fnaninf.o
        10          0          0          0          0         68   fretinf.o
         0          0          0          0          0          0   usenofp.o

    ----------------------------------------------------------------------
      4396        314         58          0         96       3228   Library Totals
        16          0          1          0          0          0   (incl. Padding)

    ----------------------------------------------------------------------

      Code (inc. data)   RO Data    RW Data    ZI Data      Debug   Library Name

      1526         50         57          0         96       1700   c_w.l
      2854        264          0          0          0       1528   fz_ws.l

    ----------------------------------------------------------------------
      4396        314         58          0         96       3228   Library Totals

    ----------------------------------------------------------------------

==============================================================================


      Code (inc. data)   RO Data    RW Data    ZI Data      Debug   

     32194       2530       7034        396    1057420     571647   Grand Totals
     32194       2530       7034        124    1057420     571647   ELF Image Totals (compressed)
     32194       2530       7034        124          0          0   ROM Totals

==============================================================================

    Total RO  Size (Code + RO Data)                39228 (  38.31kB)
    Total RW  Size (RW Data + ZI Data)           1057816 (1033.02kB)
    Total ROM Size (Code + RO Data + RW Data)      39352 (  38.43kB)

==============================================================================

